#! /usr/bin/vvp
:ivl_version "12.0 (stable)";
:ivl_delay_selection "TYPICAL";
:vpi_time_precision - 12;
:vpi_module "/usr/lib64/ivl/system.vpi";
:vpi_module "/usr/lib64/ivl/vhdl_sys.vpi";
:vpi_module "/usr/lib64/ivl/vhdl_textio.vpi";
:vpi_module "/usr/lib64/ivl/v2005_math.vpi";
:vpi_module "/usr/lib64/ivl/va_math.vpi";
S_0x561a96a4c600 .scope module, "cpu" "cpu" 2 3;
 .timescale -9 -12;
    .port_info 0 /INPUT 1 "clk";
    .port_info 1 /INPUT 1 "reset";
    .port_info 2 /INPUT 32 "instruction";
    .port_info 3 /OUTPUT 8 "aluresult";
L_0x561a96a8be40 .functor BUFZ 8, L_0x561a96a8b4e0, C4<00000000>, C4<00000000>, C4<00000000>;
v0x561a96a8a080_0 .net "aluop", 2 0, v0x561a96a86dd0_0;  1 drivers
v0x561a96a8a190_0 .net "aluresult", 7 0, v0x561a96a85d60_0;  1 drivers
o0x7fb9b9dde8e8 .functor BUFZ 1, C4<z>; HiZ drive
v0x561a96a8a2a0_0 .net "clk", 0 0, o0x7fb9b9dde8e8;  0 drivers
v0x561a96a8a340_0 .net "immediate", 7 0, v0x561a96a86eb0_0;  1 drivers
o0x7fb9b9dde1c8 .functor BUFZ 32, C4<zzzzzzzzzzzzzzzzzzzzzzzzzzzzzzzz>; HiZ drive
v0x561a96a8a430_0 .net "instruction", 31 0, o0x7fb9b9dde1c8;  0 drivers
v0x561a96a8a520_0 .net "mux_imm_select", 0 0, v0x561a96a87030_0;  1 drivers
v0x561a96a8a610_0 .net "mux_reg2_out", 7 0, L_0x561a96a8bad0;  1 drivers
v0x561a96a8a700_0 .net "mux_reg2_select", 0 0, v0x561a96a870f0_0;  1 drivers
v0x561a96a8a7f0_0 .net "operand1", 7 0, L_0x561a96a8bc80;  1 drivers
v0x561a96a8a8b0_0 .net "operand2", 7 0, L_0x561a96a8be40;  1 drivers
v0x561a96a8a970_0 .net "readreg1", 2 0, v0x561a96a872e0_0;  1 drivers
v0x561a96a8aa60_0 .net "readreg2", 2 0, v0x561a96a873c0_0;  1 drivers
v0x561a96a8ab70_0 .net "regout1", 7 0, L_0x561a96a8b4e0;  1 drivers
v0x561a96a8ac30_0 .net "regout2", 7 0, L_0x561a96a8b7f0;  1 drivers
v0x561a96a8acd0_0 .net "regout2_twos", 7 0, L_0x561a96a8b8d0;  1 drivers
o0x7fb9b9dde978 .functor BUFZ 1, C4<z>; HiZ drive
v0x561a96a8ade0_0 .net "reset", 0 0, o0x7fb9b9dde978;  0 drivers
v0x561a96a8ae80_0 .net "writeenable", 0 0, v0x561a96a874a0_0;  1 drivers
v0x561a96a8b080_0 .net "writereg", 2 0, v0x561a96a87560_0;  1 drivers
S_0x561a96a4c790 .scope module, "ALU" "alu" 2 81, 3 3 0, S_0x561a96a4c600;
 .timescale -9 -12;
    .port_info 0 /INPUT 8 "operand1";
    .port_info 1 /INPUT 8 "operand2";
    .port_info 2 /INPUT 3 "aluop";
    .port_info 3 /OUTPUT 8 "result";
P_0x561a96a461a0 .param/l "ALU_ADD" 1 3 11, C4<001>;
P_0x561a96a461e0 .param/l "ALU_AND" 1 3 13, C4<011>;
P_0x561a96a46220 .param/l "ALU_FORWARD" 1 3 10, C4<000>;
P_0x561a96a46260 .param/l "ALU_OR" 1 3 14, C4<100>;
P_0x561a96a462a0 .param/l "ALU_SLL" 1 3 16, C4<110>;
P_0x561a96a462e0 .param/l "ALU_SRL" 1 3 17, C4<111>;
P_0x561a96a46320 .param/l "ALU_SUB" 1 3 12, C4<010>;
P_0x561a96a46360 .param/l "ALU_XOR" 1 3 15, C4<101>;
v0x561a96a5bbd0_0 .net "aluop", 2 0, v0x561a96a86dd0_0;  alias, 1 drivers
v0x561a96a5b9b0_0 .net "operand1", 7 0, L_0x561a96a8bc80;  alias, 1 drivers
v0x561a96a85ca0_0 .net "operand2", 7 0, L_0x561a96a8be40;  alias, 1 drivers
v0x561a96a85d60_0 .var "result", 7 0;
E_0x561a96a5e910 .event anyedge, v0x561a96a5bbd0_0, v0x561a96a5b9b0_0, v0x561a96a85ca0_0;
S_0x561a96a85ec0 .scope module, "CU" "control_unit" 2 30, 4 36 0, S_0x561a96a4c600;
 .timescale -9 -12;
    .port_info 0 /INPUT 32 "instruction";
    .port_info 1 /OUTPUT 3 "readreg1";
    .port_info 2 /OUTPUT 3 "readreg2";
    .port_info 3 /OUTPUT 3 "writereg";
    .port_info 4 /OUTPUT 1 "writeenable";
    .port_info 5 /OUTPUT 8 "immediate";
    .port_info 6 /OUTPUT 3 "aluop";
    .port_info 7 /OUTPUT 1 "mux_reg2_select";
    .port_info 8 /OUTPUT 1 "mux_imm_select";
P_0x561a96a860c0 .param/l "ALU_ADD" 1 4 64, C4<001>;
P_0x561a96a86100 .param/l "ALU_AND" 1 4 66, C4<011>;
P_0x561a96a86140 .param/l "ALU_FORWARD" 1 4 63, C4<000>;
P_0x561a96a86180 .param/l "ALU_OR" 1 4 67, C4<100>;
P_0x561a96a861c0 .param/l "ALU_SLL" 1 4 69, C4<110>;
P_0x561a96a86200 .param/l "ALU_SRL" 1 4 70, C4<111>;
P_0x561a96a86240 .param/l "ALU_SUB" 1 4 65, C4<010>;
P_0x561a96a86280 .param/l "ALU_XOR" 1 4 68, C4<101>;
P_0x561a96a862c0 .param/l "OP_ADD" 1 4 54, C4<00000010>;
P_0x561a96a86300 .param/l "OP_AND" 1 4 56, C4<00000100>;
P_0x561a96a86340 .param/l "OP_LOADI" 1 4 52, C4<00000000>;
P_0x561a96a86380 .param/l "OP_MOV" 1 4 53, C4<00000001>;
P_0x561a96a863c0 .param/l "OP_OR" 1 4 57, C4<00000101>;
P_0x561a96a86400 .param/l "OP_SLL" 1 4 59, C4<00000111>;
P_0x561a96a86440 .param/l "OP_SRL" 1 4 60, C4<00001000>;
P_0x561a96a86480 .param/l "OP_SUB" 1 4 55, C4<00000011>;
P_0x561a96a864c0 .param/l "OP_XOR" 1 4 58, C4<00000110>;
v0x561a96a86dd0_0 .var "aluop", 2 0;
v0x561a96a86eb0_0 .var "immediate", 7 0;
v0x561a96a86f70_0 .net "instruction", 31 0, o0x7fb9b9dde1c8;  alias, 0 drivers
v0x561a96a87030_0 .var "mux_imm_select", 0 0;
v0x561a96a870f0_0 .var "mux_reg2_select", 0 0;
v0x561a96a87200_0 .net "opcode", 7 0, L_0x561a96a8b1f0;  1 drivers
v0x561a96a872e0_0 .var "readreg1", 2 0;
v0x561a96a873c0_0 .var "readreg2", 2 0;
v0x561a96a874a0_0 .var "writeenable", 0 0;
v0x561a96a87560_0 .var "writereg", 2 0;
E_0x561a96a5edc0 .event anyedge, v0x561a96a86f70_0, v0x561a96a87200_0;
L_0x561a96a8b1f0 .part o0x7fb9b9dde1c8, 24, 8;
S_0x561a96a87760 .scope module, "MUX_IMM" "mux2_8bit" 2 72, 5 3 0, S_0x561a96a4c600;
 .timescale -9 -12;
    .port_info 0 /INPUT 8 "in0";
    .port_info 1 /INPUT 8 "in1";
    .port_info 2 /INPUT 1 "select";
    .port_info 3 /OUTPUT 8 "out";
L_0x7fb9b9d95138 .functor BUFT 1, C4<0>, C4<0>, C4<0>, C4<0>;
L_0x561a96a8bbc0 .functor XNOR 1, v0x561a96a87030_0, L_0x7fb9b9d95138, C4<0>, C4<0>;
v0x561a96a87960_0 .net/2u *"_ivl_0", 0 0, L_0x7fb9b9d95138;  1 drivers
v0x561a96a87a40_0 .net *"_ivl_2", 0 0, L_0x561a96a8bbc0;  1 drivers
v0x561a96a87b00_0 .net "in0", 7 0, L_0x561a96a8bad0;  alias, 1 drivers
v0x561a96a87bc0_0 .net "in1", 7 0, v0x561a96a86eb0_0;  alias, 1 drivers
v0x561a96a87cb0_0 .net "out", 7 0, L_0x561a96a8bc80;  alias, 1 drivers
v0x561a96a87da0_0 .net "select", 0 0, v0x561a96a87030_0;  alias, 1 drivers
L_0x561a96a8bc80 .functor MUXZ 8, v0x561a96a86eb0_0, L_0x561a96a8bad0, L_0x561a96a8bbc0, C4<>;
S_0x561a96a87ee0 .scope module, "MUX_REG2" "mux2_8bit" 2 65, 5 3 0, S_0x561a96a4c600;
 .timescale -9 -12;
    .port_info 0 /INPUT 8 "in0";
    .port_info 1 /INPUT 8 "in1";
    .port_info 2 /INPUT 1 "select";
    .port_info 3 /OUTPUT 8 "out";
L_0x7fb9b9d950f0 .functor BUFT 1, C4<0>, C4<0>, C4<0>, C4<0>;
L_0x561a96a8b970 .functor XNOR 1, v0x561a96a870f0_0, L_0x7fb9b9d950f0, C4<0>, C4<0>;
v0x561a96a88130_0 .net/2u *"_ivl_0", 0 0, L_0x7fb9b9d950f0;  1 drivers
v0x561a96a88230_0 .net *"_ivl_2", 0 0, L_0x561a96a8b970;  1 drivers
v0x561a96a882f0_0 .net "in0", 7 0, L_0x561a96a8b7f0;  alias, 1 drivers
v0x561a96a883e0_0 .net "in1", 7 0, L_0x561a96a8b8d0;  alias, 1 drivers
v0x561a96a884c0_0 .net "out", 7 0, L_0x561a96a8bad0;  alias, 1 drivers
v0x561a96a885d0_0 .net "select", 0 0, v0x561a96a870f0_0;  alias, 1 drivers
L_0x561a96a8bad0 .functor MUXZ 8, L_0x561a96a8b8d0, L_0x561a96a8b7f0, L_0x561a96a8b970, C4<>;
S_0x561a96a88710 .scope module, "RF" "register_file" 2 45, 6 3 0, S_0x561a96a4c600;
 .timescale -9 -12;
    .port_info 0 /INPUT 1 "clk";
    .port_info 1 /INPUT 1 "reset";
    .port_info 2 /INPUT 3 "readreg1";
    .port_info 3 /INPUT 3 "readreg2";
    .port_info 4 /INPUT 3 "writereg";
    .port_info 5 /INPUT 8 "writedata";
    .port_info 6 /INPUT 1 "writeenable";
    .port_info 7 /OUTPUT 8 "regout1";
    .port_info 8 /OUTPUT 8 "regout2";
L_0x561a96a8b4e0 .functor BUFZ 8, L_0x561a96a8b2e0, C4<00000000>, C4<00000000>, C4<00000000>;
L_0x561a96a8b7f0 .functor BUFZ 8, L_0x561a96a8b610, C4<00000000>, C4<00000000>, C4<00000000>;
v0x561a96a88ab0_0 .net *"_ivl_0", 7 0, L_0x561a96a8b2e0;  1 drivers
v0x561a96a88bb0_0 .net *"_ivl_10", 4 0, L_0x561a96a8b6b0;  1 drivers
L_0x7fb9b9d95060 .functor BUFT 1, C4<00>, C4<0>, C4<0>, C4<0>;
v0x561a96a88c90_0 .net *"_ivl_13", 1 0, L_0x7fb9b9d95060;  1 drivers
v0x561a96a88d50_0 .net *"_ivl_2", 4 0, L_0x561a96a8b3a0;  1 drivers
L_0x7fb9b9d95018 .functor BUFT 1, C4<00>, C4<0>, C4<0>, C4<0>;
v0x561a96a88e30_0 .net *"_ivl_5", 1 0, L_0x7fb9b9d95018;  1 drivers
v0x561a96a88f60_0 .net *"_ivl_8", 7 0, L_0x561a96a8b610;  1 drivers
v0x561a96a89040_0 .net "clk", 0 0, o0x7fb9b9dde8e8;  alias, 0 drivers
v0x561a96a89100_0 .var/i "i", 31 0;
v0x561a96a891e0_0 .net "readreg1", 2 0, v0x561a96a872e0_0;  alias, 1 drivers
v0x561a96a892a0_0 .net "readreg2", 2 0, v0x561a96a873c0_0;  alias, 1 drivers
v0x561a96a89340 .array "registers", 7 0, 7 0;
v0x561a96a893e0_0 .net "regout1", 7 0, L_0x561a96a8b4e0;  alias, 1 drivers
v0x561a96a894c0_0 .net "regout2", 7 0, L_0x561a96a8b7f0;  alias, 1 drivers
v0x561a96a895b0_0 .net "reset", 0 0, o0x7fb9b9dde978;  alias, 0 drivers
v0x561a96a89650_0 .net "writedata", 7 0, v0x561a96a85d60_0;  alias, 1 drivers
v0x561a96a89740_0 .net "writeenable", 0 0, v0x561a96a874a0_0;  alias, 1 drivers
v0x561a96a89810_0 .net "writereg", 2 0, v0x561a96a87560_0;  alias, 1 drivers
E_0x561a96a5f6b0 .event posedge, v0x561a96a895b0_0, v0x561a96a89040_0;
L_0x561a96a8b2e0 .array/port v0x561a96a89340, L_0x561a96a8b3a0;
L_0x561a96a8b3a0 .concat [ 3 2 0 0], v0x561a96a872e0_0, L_0x7fb9b9d95018;
L_0x561a96a8b610 .array/port v0x561a96a89340, L_0x561a96a8b6b0;
L_0x561a96a8b6b0 .concat [ 3 2 0 0], v0x561a96a873c0_0, L_0x7fb9b9d95060;
S_0x561a96a89ad0 .scope module, "TC" "twos_complement" 2 60, 7 2 0, S_0x561a96a4c600;
 .timescale -9 -12;
    .port_info 0 /INPUT 8 "in";
    .port_info 1 /OUTPUT 8 "out";
L_0x561a96a8b860 .functor NOT 8, L_0x561a96a8b7f0, C4<00000000>, C4<00000000>, C4<00000000>;
v0x561a96a89c80_0 .net *"_ivl_0", 7 0, L_0x561a96a8b860;  1 drivers
L_0x7fb9b9d950a8 .functor BUFT 1, C4<00000001>, C4<0>, C4<0>, C4<0>;
v0x561a96a89d80_0 .net/2u *"_ivl_2", 7 0, L_0x7fb9b9d950a8;  1 drivers
v0x561a96a89e60_0 .net "in", 7 0, L_0x561a96a8b7f0;  alias, 1 drivers
v0x561a96a89f80_0 .net "out", 7 0, L_0x561a96a8b8d0;  alias, 1 drivers
L_0x561a96a8b8d0 .arith/sum 8, L_0x561a96a8b860, L_0x7fb9b9d950a8;
    .scope S_0x561a96a85ec0;
T_0 ;
    %wait E_0x561a96a5edc0;
    %load/vec4 v0x561a96a86f70_0;
    %parti/s 3, 8, 5;
    %store/vec4 v0x561a96a872e0_0, 0, 3;
    %load/vec4 v0x561a96a86f70_0;
    %parti/s 3, 0, 2;
    %store/vec4 v0x561a96a873c0_0, 0, 3;
    %load/vec4 v0x561a96a86f70_0;
    %parti/s 3, 16, 6;
    %store/vec4 v0x561a96a87560_0, 0, 3;
    %load/vec4 v0x561a96a86f70_0;
    %parti/s 8, 0, 2;
    %store/vec4 v0x561a96a86eb0_0, 0, 8;
    %pushi/vec4 0, 0, 1;
    %store/vec4 v0x561a96a874a0_0, 0, 1;
    %pushi/vec4 0, 0, 3;
    %store/vec4 v0x561a96a86dd0_0, 0, 3;
    %pushi/vec4 0, 0, 1;
    %store/vec4 v0x561a96a870f0_0, 0, 1;
    %pushi/vec4 0, 0, 1;
    %store/vec4 v0x561a96a87030_0, 0, 1;
    %load/vec4 v0x561a96a87200_0;
    %dup/vec4;
    %pushi/vec4 0, 0, 8;
    %cmp/u;
    %jmp/1 T_0.0, 6;
    %dup/vec4;
    %pushi/vec4 1, 0, 8;
    %cmp/u;
    %jmp/1 T_0.1, 6;
    %dup/vec4;
    %pushi/vec4 2, 0, 8;
    %cmp/u;
    %jmp/1 T_0.2, 6;
    %dup/vec4;
    %pushi/vec4 3, 0, 8;
    %cmp/u;
    %jmp/1 T_0.3, 6;
    %dup/vec4;
    %pushi/vec4 4, 0, 8;
    %cmp/u;
    %jmp/1 T_0.4, 6;
    %dup/vec4;
    %pushi/vec4 5, 0, 8;
    %cmp/u;
    %jmp/1 T_0.5, 6;
    %dup/vec4;
    %pushi/vec4 6, 0, 8;
    %cmp/u;
    %jmp/1 T_0.6, 6;
    %dup/vec4;
    %pushi/vec4 7, 0, 8;
    %cmp/u;
    %jmp/1 T_0.7, 6;
    %dup/vec4;
    %pushi/vec4 8, 0, 8;
    %cmp/u;
    %jmp/1 T_0.8, 6;
    %pushi/vec4 0, 0, 1;
    %store/vec4 v0x561a96a874a0_0, 0, 1;
    %pushi/vec4 0, 0, 3;
    %store/vec4 v0x561a96a86dd0_0, 0, 3;
    %pushi/vec4 0, 0, 1;
    %store/vec4 v0x561a96a87030_0, 0, 1;
    %pushi/vec4 0, 0, 1;
    %store/vec4 v0x561a96a870f0_0, 0, 1;
    %jmp T_0.10;
T_0.0 ;
    %pushi/vec4 1, 0, 1;
    %store/vec4 v0x561a96a874a0_0, 0, 1;
    %pushi/vec4 0, 0, 3;
    %store/vec4 v0x561a96a86dd0_0, 0, 3;
    %pushi/vec4 1, 0, 1;
    %store/vec4 v0x561a96a87030_0, 0, 1;
    %pushi/vec4 0, 0, 1;
    %store/vec4 v0x561a96a870f0_0, 0, 1;
    %jmp T_0.10;
T_0.1 ;
    %pushi/vec4 1, 0, 1;
    %store/vec4 v0x561a96a874a0_0, 0, 1;
    %pushi/vec4 0, 0, 3;
    %store/vec4 v0x561a96a86dd0_0, 0, 3;
    %pushi/vec4 0, 0, 1;
    %store/vec4 v0x561a96a87030_0, 0, 1;
    %pushi/vec4 0, 0, 1;
    %store/vec4 v0x561a96a870f0_0, 0, 1;
    %jmp T_0.10;
T_0.2 ;
    %pushi/vec4 1, 0, 1;
    %store/vec4 v0x561a96a874a0_0, 0, 1;
    %pushi/vec4 1, 0, 3;
    %store/vec4 v0x561a96a86dd0_0, 0, 3;
    %pushi/vec4 0, 0, 1;
    %store/vec4 v0x561a96a87030_0, 0, 1;
    %pushi/vec4 0, 0, 1;
    %store/vec4 v0x561a96a870f0_0, 0, 1;
    %jmp T_0.10;
T_0.3 ;
    %pushi/vec4 1, 0, 1;
    %store/vec4 v0x561a96a874a0_0, 0, 1;
    %pushi/vec4 1, 0, 3;
    %store/vec4 v0x561a96a86dd0_0, 0, 3;
    %pushi/vec4 0, 0, 1;
    %store/vec4 v0x561a96a87030_0, 0, 1;
    %pushi/vec4 1, 0, 1;
    %store/vec4 v0x561a96a870f0_0, 0, 1;
    %jmp T_0.10;
T_0.4 ;
    %pushi/vec4 1, 0, 1;
    %store/vec4 v0x561a96a874a0_0, 0, 1;
    %pushi/vec4 3, 0, 3;
    %store/vec4 v0x561a96a86dd0_0, 0, 3;
    %pushi/vec4 0, 0, 1;
    %store/vec4 v0x561a96a87030_0, 0, 1;
    %pushi/vec4 0, 0, 1;
    %store/vec4 v0x561a96a870f0_0, 0, 1;
    %jmp T_0.10;
T_0.5 ;
    %pushi/vec4 1, 0, 1;
    %store/vec4 v0x561a96a874a0_0, 0, 1;
    %pushi/vec4 4, 0, 3;
    %store/vec4 v0x561a96a86dd0_0, 0, 3;
    %pushi/vec4 0, 0, 1;
    %store/vec4 v0x561a96a87030_0, 0, 1;
    %pushi/vec4 0, 0, 1;
    %store/vec4 v0x561a96a870f0_0, 0, 1;
    %jmp T_0.10;
T_0.6 ;
    %pushi/vec4 1, 0, 1;
    %store/vec4 v0x561a96a874a0_0, 0, 1;
    %pushi/vec4 5, 0, 3;
    %store/vec4 v0x561a96a86dd0_0, 0, 3;
    %pushi/vec4 0, 0, 1;
    %store/vec4 v0x561a96a87030_0, 0, 1;
    %pushi/vec4 0, 0, 1;
    %store/vec4 v0x561a96a870f0_0, 0, 1;
    %jmp T_0.10;
T_0.7 ;
    %pushi/vec4 1, 0, 1;
    %store/vec4 v0x561a96a874a0_0, 0, 1;
    %pushi/vec4 6, 0, 3;
    %store/vec4 v0x561a96a86dd0_0, 0, 3;
    %pushi/vec4 0, 0, 1;
    %store/vec4 v0x561a96a87030_0, 0, 1;
    %pushi/vec4 0, 0, 1;
    %store/vec4 v0x561a96a870f0_0, 0, 1;
    %jmp T_0.10;
T_0.8 ;
    %pushi/vec4 1, 0, 1;
    %store/vec4 v0x561a96a874a0_0, 0, 1;
    %pushi/vec4 7, 0, 3;
    %store/vec4 v0x561a96a86dd0_0, 0, 3;
    %pushi/vec4 0, 0, 1;
    %store/vec4 v0x561a96a87030_0, 0, 1;
    %pushi/vec4 0, 0, 1;
    %store/vec4 v0x561a96a870f0_0, 0, 1;
    %jmp T_0.10;
T_0.10 ;
    %pop/vec4 1;
    %jmp T_0;
    .thread T_0, $push;
    .scope S_0x561a96a88710;
T_1 ;
    %wait E_0x561a96a5f6b0;
    %load/vec4 v0x561a96a895b0_0;
    %flag_set/vec4 8;
    %jmp/0xz  T_1.0, 8;
    %pushi/vec4 0, 0, 32;
    %store/vec4 v0x561a96a89100_0, 0, 32;
T_1.2 ;
    %load/vec4 v0x561a96a89100_0;
    %cmpi/s 8, 0, 32;
    %jmp/0xz T_1.3, 5;
    %pushi/vec4 0, 0, 8;
    %ix/getv/s 3, v0x561a96a89100_0;
    %ix/load 4, 0, 0; Constant delay
    %assign/vec4/a/d v0x561a96a89340, 0, 4;
    %load/vec4 v0x561a96a89100_0;
    %addi 1, 0, 32;
    %store/vec4 v0x561a96a89100_0, 0, 32;
    %jmp T_1.2;
T_1.3 ;
    %jmp T_1.1;
T_1.0 ;
    %load/vec4 v0x561a96a89740_0;
    %flag_set/vec4 8;
    %jmp/0xz  T_1.4, 8;
    %load/vec4 v0x561a96a89650_0;
    %load/vec4 v0x561a96a89810_0;
    %pad/u 5;
    %ix/vec4 3;
    %ix/load 4, 0, 0; Constant delay
    %assign/vec4/a/d v0x561a96a89340, 0, 4;
T_1.4 ;
T_1.1 ;
    %jmp T_1;
    .thread T_1;
    .scope S_0x561a96a4c790;
T_2 ;
    %wait E_0x561a96a5e910;
    %load/vec4 v0x561a96a5bbd0_0;
    %dup/vec4;
    %pushi/vec4 0, 0, 3;
    %cmp/u;
    %jmp/1 T_2.0, 6;
    %dup/vec4;
    %pushi/vec4 1, 0, 3;
    %cmp/u;
    %jmp/1 T_2.1, 6;
    %dup/vec4;
    %pushi/vec4 2, 0, 3;
    %cmp/u;
    %jmp/1 T_2.2, 6;
    %dup/vec4;
    %pushi/vec4 3, 0, 3;
    %cmp/u;
    %jmp/1 T_2.3, 6;
    %dup/vec4;
    %pushi/vec4 4, 0, 3;
    %cmp/u;
    %jmp/1 T_2.4, 6;
    %dup/vec4;
    %pushi/vec4 5, 0, 3;
    %cmp/u;
    %jmp/1 T_2.5, 6;
    %dup/vec4;
    %pushi/vec4 6, 0, 3;
    %cmp/u;
    %jmp/1 T_2.6, 6;
    %dup/vec4;
    %pushi/vec4 7, 0, 3;
    %cmp/u;
    %jmp/1 T_2.7, 6;
    %pushi/vec4 0, 0, 8;
    %store/vec4 v0x561a96a85d60_0, 0, 8;
    %jmp T_2.9;
T_2.0 ;
    %load/vec4 v0x561a96a5b9b0_0;
    %store/vec4 v0x561a96a85d60_0, 0, 8;
    %jmp T_2.9;
T_2.1 ;
    %load/vec4 v0x561a96a5b9b0_0;
    %load/vec4 v0x561a96a85ca0_0;
    %add;
    %store/vec4 v0x561a96a85d60_0, 0, 8;
    %jmp T_2.9;
T_2.2 ;
    %load/vec4 v0x561a96a85ca0_0;
    %load/vec4 v0x561a96a5b9b0_0;
    %sub;
    %store/vec4 v0x561a96a85d60_0, 0, 8;
    %jmp T_2.9;
T_2.3 ;
    %load/vec4 v0x561a96a5b9b0_0;
    %load/vec4 v0x561a96a85ca0_0;
    %and;
    %store/vec4 v0x561a96a85d60_0, 0, 8;
    %jmp T_2.9;
T_2.4 ;
    %load/vec4 v0x561a96a5b9b0_0;
    %load/vec4 v0x561a96a85ca0_0;
    %or;
    %store/vec4 v0x561a96a85d60_0, 0, 8;
    %jmp T_2.9;
T_2.5 ;
    %load/vec4 v0x561a96a5b9b0_0;
    %load/vec4 v0x561a96a85ca0_0;
    %xor;
    %store/vec4 v0x561a96a85d60_0, 0, 8;
    %jmp T_2.9;
T_2.6 ;
    %load/vec4 v0x561a96a85ca0_0;
    %load/vec4 v0x561a96a5b9b0_0;
    %parti/s 3, 0, 2;
    %ix/vec4 4;
    %shiftl 4;
    %store/vec4 v0x561a96a85d60_0, 0, 8;
    %jmp T_2.9;
T_2.7 ;
    %load/vec4 v0x561a96a85ca0_0;
    %load/vec4 v0x561a96a5b9b0_0;
    %parti/s 3, 0, 2;
    %ix/vec4 4;
    %shiftr 4;
    %store/vec4 v0x561a96a85d60_0, 0, 8;
    %jmp T_2.9;
T_2.9 ;
    %pop/vec4 1;
    %jmp T_2;
    .thread T_2, $push;
# The file index is used to find the file name in the following table.
:file_names 8;
    "N/A";
    "<interactive>";
    "cpu.v";
    "alu.v";
    "control_unit.v";
    "mux2_8bit.v";
    "register_file.v";
    "twos_complement.v";
