#! /usr/bin/vvp
:ivl_version "12.0 (stable)";
:ivl_delay_selection "TYPICAL";
:vpi_time_precision - 12;
:vpi_module "/usr/lib64/ivl/system.vpi";
:vpi_module "/usr/lib64/ivl/vhdl_sys.vpi";
:vpi_module "/usr/lib64/ivl/vhdl_textio.vpi";
:vpi_module "/usr/lib64/ivl/v2005_math.vpi";
:vpi_module "/usr/lib64/ivl/va_math.vpi";
S_0x560902971fe0 .scope module, "processor_top" "processor_top" 2 3;
 .timescale -9 -12;
    .port_info 0 /INPUT 1 "clk";
    .port_info 1 /INPUT 1 "reset";
    .port_info 2 /OUTPUT 8 "aluresult";
    .port_info 3 /OUTPUT 8 "pc";
v0x5609029b4f00_0 .net "aluresult", 7 0, v0x5609029aea40_0;  1 drivers
o0x7f5b24ac08e8 .functor BUFZ 1, C4<z>; HiZ drive
v0x5609029b4fc0_0 .net "clk", 0 0, o0x7f5b24ac08e8;  0 drivers
v0x5609029b5080_0 .net "instruction", 31 0, v0x5609029b4780_0;  1 drivers
v0x5609029b5120_0 .net "pc", 7 0, v0x5609029b4d10_0;  1 drivers
o0x7f5b24ac0978 .functor BUFZ 1, C4<z>; HiZ drive
v0x5609029b5210_0 .net "reset", 0 0, o0x7f5b24ac0978;  0 drivers
S_0x560902972170 .scope module, "CPU_UNIT" "cpu" 2 23, 3 3 0, S_0x560902971fe0;
 .timescale -9 -12;
    .port_info 0 /INPUT 1 "clk";
    .port_info 1 /INPUT 1 "reset";
    .port_info 2 /INPUT 32 "instruction";
    .port_info 3 /OUTPUT 8 "aluresult";
L_0x5609029b5fd0 .functor BUFZ 8, L_0x5609029b55d0, C4<00000000>, C4<00000000>, C4<00000000>;
v0x5609029b2d90_0 .net "aluop", 2 0, v0x5609029afab0_0;  1 drivers
v0x5609029b2ea0_0 .net "aluresult", 7 0, v0x5609029aea40_0;  alias, 1 drivers
v0x5609029b2fb0_0 .net "clk", 0 0, o0x7f5b24ac08e8;  alias, 0 drivers
v0x5609029b3050_0 .net "immediate", 7 0, v0x5609029afb90_0;  1 drivers
v0x5609029b3140_0 .net "instruction", 31 0, v0x5609029b4780_0;  alias, 1 drivers
v0x5609029b3230_0 .net "mux_imm_select", 0 0, v0x5609029afd10_0;  1 drivers
v0x5609029b3320_0 .net "mux_reg2_out", 7 0, L_0x5609029b5bd0;  1 drivers
v0x5609029b3410_0 .net "mux_reg2_select", 0 0, v0x5609029afdd0_0;  1 drivers
v0x5609029b3500_0 .net "operand1", 7 0, L_0x5609029b5e10;  1 drivers
v0x5609029b35c0_0 .net "operand2", 7 0, L_0x5609029b5fd0;  1 drivers
v0x5609029b3680_0 .net "readreg1", 2 0, v0x5609029affc0_0;  1 drivers
v0x5609029b3770_0 .net "readreg2", 2 0, v0x5609029b00a0_0;  1 drivers
v0x5609029b3880_0 .net "regout1", 7 0, L_0x5609029b55d0;  1 drivers
v0x5609029b3940_0 .net "regout2", 7 0, L_0x5609029b58f0;  1 drivers
v0x5609029b39e0_0 .net "regout2_twos", 7 0, L_0x5609029b59d0;  1 drivers
v0x5609029b3af0_0 .net "reset", 0 0, o0x7f5b24ac0978;  alias, 0 drivers
v0x5609029b3b90_0 .net "writeenable", 0 0, v0x5609029b0180_0;  1 drivers
v0x5609029b3d90_0 .net "writereg", 2 0, v0x5609029b0240_0;  1 drivers
S_0x56090296bbb0 .scope module, "ALU" "alu" 3 81, 4 3 0, S_0x560902972170;
 .timescale -9 -12;
    .port_info 0 /INPUT 8 "operand1";
    .port_info 1 /INPUT 8 "operand2";
    .port_info 2 /INPUT 3 "aluop";
    .port_info 3 /OUTPUT 8 "result";
P_0x56090296bd40 .param/l "ALU_ADD" 1 4 11, C4<001>;
P_0x56090296bd80 .param/l "ALU_AND" 1 4 13, C4<011>;
P_0x56090296bdc0 .param/l "ALU_FORWARD" 1 4 10, C4<000>;
P_0x56090296be00 .param/l "ALU_OR" 1 4 14, C4<100>;
P_0x56090296be40 .param/l "ALU_SLL" 1 4 16, C4<110>;
P_0x56090296be80 .param/l "ALU_SRL" 1 4 17, C4<111>;
P_0x56090296bec0 .param/l "ALU_SUB" 1 4 12, C4<010>;
P_0x56090296bf00 .param/l "ALU_XOR" 1 4 15, C4<101>;
v0x56090295aae0_0 .net "aluop", 2 0, v0x5609029afab0_0;  alias, 1 drivers
v0x56090295abb0_0 .net "operand1", 7 0, L_0x5609029b5e10;  alias, 1 drivers
v0x5609029ae980_0 .net "operand2", 7 0, L_0x5609029b5fd0;  alias, 1 drivers
v0x5609029aea40_0 .var "result", 7 0;
E_0x560902984400 .event anyedge, v0x56090295aae0_0, v0x56090295abb0_0, v0x5609029ae980_0;
S_0x5609029aeba0 .scope module, "CU" "control_unit" 3 30, 5 36 0, S_0x560902972170;
 .timescale -9 -12;
    .port_info 0 /INPUT 32 "instruction";
    .port_info 1 /OUTPUT 3 "readreg1";
    .port_info 2 /OUTPUT 3 "readreg2";
    .port_info 3 /OUTPUT 3 "writereg";
    .port_info 4 /OUTPUT 1 "writeenable";
    .port_info 5 /OUTPUT 8 "immediate";
    .port_info 6 /OUTPUT 3 "aluop";
    .port_info 7 /OUTPUT 1 "mux_reg2_select";
    .port_info 8 /OUTPUT 1 "mux_imm_select";
P_0x5609029aeda0 .param/l "ALU_ADD" 1 5 64, C4<001>;
P_0x5609029aede0 .param/l "ALU_AND" 1 5 66, C4<011>;
P_0x5609029aee20 .param/l "ALU_FORWARD" 1 5 63, C4<000>;
P_0x5609029aee60 .param/l "ALU_OR" 1 5 67, C4<100>;
P_0x5609029aeea0 .param/l "ALU_SLL" 1 5 69, C4<110>;
P_0x5609029aeee0 .param/l "ALU_SRL" 1 5 70, C4<111>;
P_0x5609029aef20 .param/l "ALU_SUB" 1 5 65, C4<010>;
P_0x5609029aef60 .param/l "ALU_XOR" 1 5 68, C4<101>;
P_0x5609029aefa0 .param/l "OP_ADD" 1 5 54, C4<00000010>;
P_0x5609029aefe0 .param/l "OP_AND" 1 5 56, C4<00000100>;
P_0x5609029af020 .param/l "OP_LOADI" 1 5 52, C4<00000000>;
P_0x5609029af060 .param/l "OP_MOV" 1 5 53, C4<00000001>;
P_0x5609029af0a0 .param/l "OP_OR" 1 5 57, C4<00000101>;
P_0x5609029af0e0 .param/l "OP_SLL" 1 5 59, C4<00000111>;
P_0x5609029af120 .param/l "OP_SRL" 1 5 60, C4<00001000>;
P_0x5609029af160 .param/l "OP_SUB" 1 5 55, C4<00000011>;
P_0x5609029af1a0 .param/l "OP_XOR" 1 5 58, C4<00000110>;
v0x5609029afab0_0 .var "aluop", 2 0;
v0x5609029afb90_0 .var "immediate", 7 0;
v0x5609029afc50_0 .net "instruction", 31 0, v0x5609029b4780_0;  alias, 1 drivers
v0x5609029afd10_0 .var "mux_imm_select", 0 0;
v0x5609029afdd0_0 .var "mux_reg2_select", 0 0;
v0x5609029afee0_0 .net "opcode", 7 0, L_0x5609029b5380;  1 drivers
v0x5609029affc0_0 .var "readreg1", 2 0;
v0x5609029b00a0_0 .var "readreg2", 2 0;
v0x5609029b0180_0 .var "writeenable", 0 0;
v0x5609029b0240_0 .var "writereg", 2 0;
E_0x5609029848b0 .event anyedge, v0x5609029afc50_0, v0x5609029afee0_0;
L_0x5609029b5380 .part v0x5609029b4780_0, 24, 8;
S_0x5609029b0440 .scope module, "MUX_IMM" "mux2_8bit" 3 72, 6 3 0, S_0x560902972170;
 .timescale -9 -12;
    .port_info 0 /INPUT 8 "in0";
    .port_info 1 /INPUT 8 "in1";
    .port_info 2 /INPUT 1 "select";
    .port_info 3 /OUTPUT 8 "out";
L_0x7f5b24a77138 .functor BUFT 1, C4<0>, C4<0>, C4<0>, C4<0>;
L_0x5609029b5d50 .functor XNOR 1, v0x5609029afd10_0, L_0x7f5b24a77138, C4<0>, C4<0>;
v0x5609029b0640_0 .net/2u *"_ivl_0", 0 0, L_0x7f5b24a77138;  1 drivers
v0x5609029b0720_0 .net *"_ivl_2", 0 0, L_0x5609029b5d50;  1 drivers
v0x5609029b07e0_0 .net "in0", 7 0, L_0x5609029b5bd0;  alias, 1 drivers
v0x5609029b08d0_0 .net "in1", 7 0, v0x5609029afb90_0;  alias, 1 drivers
v0x5609029b09c0_0 .net "out", 7 0, L_0x5609029b5e10;  alias, 1 drivers
v0x5609029b0ab0_0 .net "select", 0 0, v0x5609029afd10_0;  alias, 1 drivers
L_0x5609029b5e10 .functor MUXZ 8, v0x5609029afb90_0, L_0x5609029b5bd0, L_0x5609029b5d50, C4<>;
S_0x5609029b0bf0 .scope module, "MUX_REG2" "mux2_8bit" 3 65, 6 3 0, S_0x560902972170;
 .timescale -9 -12;
    .port_info 0 /INPUT 8 "in0";
    .port_info 1 /INPUT 8 "in1";
    .port_info 2 /INPUT 1 "select";
    .port_info 3 /OUTPUT 8 "out";
L_0x7f5b24a770f0 .functor BUFT 1, C4<0>, C4<0>, C4<0>, C4<0>;
L_0x5609029b5a70 .functor XNOR 1, v0x5609029afdd0_0, L_0x7f5b24a770f0, C4<0>, C4<0>;
v0x5609029b0e40_0 .net/2u *"_ivl_0", 0 0, L_0x7f5b24a770f0;  1 drivers
v0x5609029b0f40_0 .net *"_ivl_2", 0 0, L_0x5609029b5a70;  1 drivers
v0x5609029b1000_0 .net "in0", 7 0, L_0x5609029b58f0;  alias, 1 drivers
v0x5609029b10f0_0 .net "in1", 7 0, L_0x5609029b59d0;  alias, 1 drivers
v0x5609029b11d0_0 .net "out", 7 0, L_0x5609029b5bd0;  alias, 1 drivers
v0x5609029b12e0_0 .net "select", 0 0, v0x5609029afdd0_0;  alias, 1 drivers
L_0x5609029b5bd0 .functor MUXZ 8, L_0x5609029b59d0, L_0x5609029b58f0, L_0x5609029b5a70, C4<>;
S_0x5609029b1420 .scope module, "RF" "register_file" 3 45, 7 3 0, S_0x560902972170;
 .timescale -9 -12;
    .port_info 0 /INPUT 1 "clk";
    .port_info 1 /INPUT 1 "reset";
    .port_info 2 /INPUT 3 "readreg1";
    .port_info 3 /INPUT 3 "readreg2";
    .port_info 4 /INPUT 3 "writereg";
    .port_info 5 /INPUT 8 "writedata";
    .port_info 6 /INPUT 1 "writeenable";
    .port_info 7 /OUTPUT 8 "regout1";
    .port_info 8 /OUTPUT 8 "regout2";
L_0x5609029b55d0 .functor BUFZ 8, L_0x5609029b5420, C4<00000000>, C4<00000000>, C4<00000000>;
L_0x5609029b58f0 .functor BUFZ 8, L_0x5609029b56e0, C4<00000000>, C4<00000000>, C4<00000000>;
v0x5609029b17c0_0 .net *"_ivl_0", 7 0, L_0x5609029b5420;  1 drivers
v0x5609029b18c0_0 .net *"_ivl_10", 4 0, L_0x5609029b5780;  1 drivers
L_0x7f5b24a77060 .functor BUFT 1, C4<00>, C4<0>, C4<0>, C4<0>;
v0x5609029b19a0_0 .net *"_ivl_13", 1 0, L_0x7f5b24a77060;  1 drivers
v0x5609029b1a60_0 .net *"_ivl_2", 4 0, L_0x5609029b54e0;  1 drivers
L_0x7f5b24a77018 .functor BUFT 1, C4<00>, C4<0>, C4<0>, C4<0>;
v0x5609029b1b40_0 .net *"_ivl_5", 1 0, L_0x7f5b24a77018;  1 drivers
v0x5609029b1c70_0 .net *"_ivl_8", 7 0, L_0x5609029b56e0;  1 drivers
v0x5609029b1d50_0 .net "clk", 0 0, o0x7f5b24ac08e8;  alias, 0 drivers
v0x5609029b1e10_0 .var/i "i", 31 0;
v0x5609029b1ef0_0 .net "readreg1", 2 0, v0x5609029affc0_0;  alias, 1 drivers
v0x5609029b1fb0_0 .net "readreg2", 2 0, v0x5609029b00a0_0;  alias, 1 drivers
v0x5609029b2050 .array "registers", 7 0, 7 0;
v0x5609029b20f0_0 .net "regout1", 7 0, L_0x5609029b55d0;  alias, 1 drivers
v0x5609029b21d0_0 .net "regout2", 7 0, L_0x5609029b58f0;  alias, 1 drivers
v0x5609029b22c0_0 .net "reset", 0 0, o0x7f5b24ac0978;  alias, 0 drivers
v0x5609029b2360_0 .net "writedata", 7 0, v0x5609029aea40_0;  alias, 1 drivers
v0x5609029b2450_0 .net "writeenable", 0 0, v0x5609029b0180_0;  alias, 1 drivers
v0x5609029b2520_0 .net "writereg", 2 0, v0x5609029b0240_0;  alias, 1 drivers
E_0x5609029851a0 .event posedge, v0x5609029b22c0_0, v0x5609029b1d50_0;
L_0x5609029b5420 .array/port v0x5609029b2050, L_0x5609029b54e0;
L_0x5609029b54e0 .concat [ 3 2 0 0], v0x5609029affc0_0, L_0x7f5b24a77018;
L_0x5609029b56e0 .array/port v0x5609029b2050, L_0x5609029b5780;
L_0x5609029b5780 .concat [ 3 2 0 0], v0x5609029b00a0_0, L_0x7f5b24a77060;
S_0x5609029b27e0 .scope module, "TC" "twos_complement" 3 60, 8 2 0, S_0x560902972170;
 .timescale -9 -12;
    .port_info 0 /INPUT 8 "in";
    .port_info 1 /OUTPUT 8 "out";
L_0x5609029b5960 .functor NOT 8, L_0x5609029b58f0, C4<00000000>, C4<00000000>, C4<00000000>;
v0x5609029b2990_0 .net *"_ivl_0", 7 0, L_0x5609029b5960;  1 drivers
L_0x7f5b24a770a8 .functor BUFT 1, C4<00000001>, C4<0>, C4<0>, C4<0>;
v0x5609029b2a90_0 .net/2u *"_ivl_2", 7 0, L_0x7f5b24a770a8;  1 drivers
v0x5609029b2b70_0 .net "in", 7 0, L_0x5609029b58f0;  alias, 1 drivers
v0x5609029b2c90_0 .net "out", 7 0, L_0x5609029b59d0;  alias, 1 drivers
L_0x5609029b59d0 .arith/sum 8, L_0x5609029b5960, L_0x7f5b24a770a8;
S_0x5609029b3f00 .scope module, "IMEM" "instruction_memory" 2 18, 9 3 0, S_0x560902971fe0;
 .timescale -9 -12;
    .port_info 0 /INPUT 8 "pc";
    .port_info 1 /OUTPUT 32 "instruction";
P_0x5609029b4100 .param/l "OP_ADD" 1 9 10, C4<00000010>;
P_0x5609029b4140 .param/l "OP_AND" 1 9 12, C4<00000100>;
P_0x5609029b4180 .param/l "OP_LOADI" 1 9 8, C4<00000000>;
P_0x5609029b41c0 .param/l "OP_MOV" 1 9 9, C4<00000001>;
P_0x5609029b4200 .param/l "OP_OR" 1 9 13, C4<00000101>;
P_0x5609029b4240 .param/l "OP_SLL" 1 9 15, C4<00000111>;
P_0x5609029b4280 .param/l "OP_SRL" 1 9 16, C4<00001000>;
P_0x5609029b42c0 .param/l "OP_SUB" 1 9 11, C4<00000011>;
P_0x5609029b4300 .param/l "OP_XOR" 1 9 14, C4<00000110>;
v0x5609029b4780_0 .var "instruction", 31 0;
v0x5609029b48b0_0 .net "pc", 7 0, v0x5609029b4d10_0;  alias, 1 drivers
E_0x5609029934f0 .event anyedge, v0x5609029b48b0_0;
S_0x5609029b49f0 .scope module, "PC_UNIT" "program_counter" 2 12, 10 3 0, S_0x560902971fe0;
 .timescale -9 -12;
    .port_info 0 /INPUT 1 "clk";
    .port_info 1 /INPUT 1 "reset";
    .port_info 2 /OUTPUT 8 "pc";
v0x5609029b4c20_0 .net "clk", 0 0, o0x7f5b24ac08e8;  alias, 0 drivers
v0x5609029b4d10_0 .var "pc", 7 0;
v0x5609029b4dd0_0 .net "reset", 0 0, o0x7f5b24ac0978;  alias, 0 drivers
    .scope S_0x5609029b49f0;
T_0 ;
    %wait E_0x5609029851a0;
    %load/vec4 v0x5609029b4dd0_0;
    %flag_set/vec4 8;
    %jmp/0xz  T_0.0, 8;
    %pushi/vec4 0, 0, 8;
    %assign/vec4 v0x5609029b4d10_0, 0;
    %jmp T_0.1;
T_0.0 ;
    %load/vec4 v0x5609029b4d10_0;
    %addi 1, 0, 8;
    %assign/vec4 v0x5609029b4d10_0, 0;
T_0.1 ;
    %jmp T_0;
    .thread T_0;
    .scope S_0x5609029b3f00;
T_1 ;
    %wait E_0x5609029934f0;
    %load/vec4 v0x5609029b48b0_0;
    %dup/vec4;
    %pushi/vec4 0, 0, 8;
    %cmp/u;
    %jmp/1 T_1.0, 6;
    %dup/vec4;
    %pushi/vec4 1, 0, 8;
    %cmp/u;
    %jmp/1 T_1.1, 6;
    %dup/vec4;
    %pushi/vec4 2, 0, 8;
    %cmp/u;
    %jmp/1 T_1.2, 6;
    %dup/vec4;
    %pushi/vec4 3, 0, 8;
    %cmp/u;
    %jmp/1 T_1.3, 6;
    %dup/vec4;
    %pushi/vec4 4, 0, 8;
    %cmp/u;
    %jmp/1 T_1.4, 6;
    %dup/vec4;
    %pushi/vec4 5, 0, 8;
    %cmp/u;
    %jmp/1 T_1.5, 6;
    %dup/vec4;
    %pushi/vec4 6, 0, 8;
    %cmp/u;
    %jmp/1 T_1.6, 6;
    %pushi/vec4 0, 0, 32;
    %store/vec4 v0x5609029b4780_0, 0, 32;
    %jmp T_1.8;
T_1.0 ;
    %pushi/vec4 65546, 0, 32;
    %store/vec4 v0x5609029b4780_0, 0, 32;
    %jmp T_1.8;
T_1.1 ;
    %pushi/vec4 131077, 0, 32;
    %store/vec4 v0x5609029b4780_0, 0, 32;
    %jmp T_1.8;
T_1.2 ;
    %pushi/vec4 33751298, 0, 32;
    %store/vec4 v0x5609029b4780_0, 0, 32;
    %jmp T_1.8;
T_1.3 ;
    %pushi/vec4 50594050, 0, 32;
    %store/vec4 v0x5609029b4780_0, 0, 32;
    %jmp T_1.8;
T_1.4 ;
    %pushi/vec4 17104899, 0, 32;
    %store/vec4 v0x5609029b4780_0, 0, 32;
    %jmp T_1.8;
T_1.5 ;
    %pushi/vec4 67502338, 0, 32;
    %store/vec4 v0x5609029b4780_0, 0, 32;
    %jmp T_1.8;
T_1.6 ;
    %pushi/vec4 84345090, 0, 32;
    %store/vec4 v0x5609029b4780_0, 0, 32;
    %jmp T_1.8;
T_1.8 ;
    %pop/vec4 1;
    %jmp T_1;
    .thread T_1, $push;
    .scope S_0x5609029aeba0;
T_2 ;
    %wait E_0x5609029848b0;
    %load/vec4 v0x5609029afc50_0;
    %parti/s 3, 8, 5;
    %store/vec4 v0x5609029affc0_0, 0, 3;
    %load/vec4 v0x5609029afc50_0;
    %parti/s 3, 0, 2;
    %store/vec4 v0x5609029b00a0_0, 0, 3;
    %load/vec4 v0x5609029afc50_0;
    %parti/s 3, 16, 6;
    %store/vec4 v0x5609029b0240_0, 0, 3;
    %load/vec4 v0x5609029afc50_0;
    %parti/s 8, 0, 2;
    %store/vec4 v0x5609029afb90_0, 0, 8;
    %pushi/vec4 0, 0, 1;
    %store/vec4 v0x5609029b0180_0, 0, 1;
    %pushi/vec4 0, 0, 3;
    %store/vec4 v0x5609029afab0_0, 0, 3;
    %pushi/vec4 0, 0, 1;
    %store/vec4 v0x5609029afdd0_0, 0, 1;
    %pushi/vec4 0, 0, 1;
    %store/vec4 v0x5609029afd10_0, 0, 1;
    %load/vec4 v0x5609029afee0_0;
    %dup/vec4;
    %pushi/vec4 0, 0, 8;
    %cmp/u;
    %jmp/1 T_2.0, 6;
    %dup/vec4;
    %pushi/vec4 1, 0, 8;
    %cmp/u;
    %jmp/1 T_2.1, 6;
    %dup/vec4;
    %pushi/vec4 2, 0, 8;
    %cmp/u;
    %jmp/1 T_2.2, 6;
    %dup/vec4;
    %pushi/vec4 3, 0, 8;
    %cmp/u;
    %jmp/1 T_2.3, 6;
    %dup/vec4;
    %pushi/vec4 4, 0, 8;
    %cmp/u;
    %jmp/1 T_2.4, 6;
    %dup/vec4;
    %pushi/vec4 5, 0, 8;
    %cmp/u;
    %jmp/1 T_2.5, 6;
    %dup/vec4;
    %pushi/vec4 6, 0, 8;
    %cmp/u;
    %jmp/1 T_2.6, 6;
    %dup/vec4;
    %pushi/vec4 7, 0, 8;
    %cmp/u;
    %jmp/1 T_2.7, 6;
    %dup/vec4;
    %pushi/vec4 8, 0, 8;
    %cmp/u;
    %jmp/1 T_2.8, 6;
    %pushi/vec4 0, 0, 1;
    %store/vec4 v0x5609029b0180_0, 0, 1;
    %pushi/vec4 0, 0, 3;
    %store/vec4 v0x5609029afab0_0, 0, 3;
    %pushi/vec4 0, 0, 1;
    %store/vec4 v0x5609029afd10_0, 0, 1;
    %pushi/vec4 0, 0, 1;
    %store/vec4 v0x5609029afdd0_0, 0, 1;
    %jmp T_2.10;
T_2.0 ;
    %pushi/vec4 1, 0, 1;
    %store/vec4 v0x5609029b0180_0, 0, 1;
    %pushi/vec4 0, 0, 3;
    %store/vec4 v0x5609029afab0_0, 0, 3;
    %pushi/vec4 1, 0, 1;
    %store/vec4 v0x5609029afd10_0, 0, 1;
    %pushi/vec4 0, 0, 1;
    %store/vec4 v0x5609029afdd0_0, 0, 1;
    %jmp T_2.10;
T_2.1 ;
    %pushi/vec4 1, 0, 1;
    %store/vec4 v0x5609029b0180_0, 0, 1;
    %pushi/vec4 0, 0, 3;
    %store/vec4 v0x5609029afab0_0, 0, 3;
    %pushi/vec4 0, 0, 1;
    %store/vec4 v0x5609029afd10_0, 0, 1;
    %pushi/vec4 0, 0, 1;
    %store/vec4 v0x5609029afdd0_0, 0, 1;
    %jmp T_2.10;
T_2.2 ;
    %pushi/vec4 1, 0, 1;
    %store/vec4 v0x5609029b0180_0, 0, 1;
    %pushi/vec4 1, 0, 3;
    %store/vec4 v0x5609029afab0_0, 0, 3;
    %pushi/vec4 0, 0, 1;
    %store/vec4 v0x5609029afd10_0, 0, 1;
    %pushi/vec4 0, 0, 1;
    %store/vec4 v0x5609029afdd0_0, 0, 1;
    %jmp T_2.10;
T_2.3 ;
    %pushi/vec4 1, 0, 1;
    %store/vec4 v0x5609029b0180_0, 0, 1;
    %pushi/vec4 1, 0, 3;
    %store/vec4 v0x5609029afab0_0, 0, 3;
    %pushi/vec4 0, 0, 1;
    %store/vec4 v0x5609029afd10_0, 0, 1;
    %pushi/vec4 1, 0, 1;
    %store/vec4 v0x5609029afdd0_0, 0, 1;
    %jmp T_2.10;
T_2.4 ;
    %pushi/vec4 1, 0, 1;
    %store/vec4 v0x5609029b0180_0, 0, 1;
    %pushi/vec4 3, 0, 3;
    %store/vec4 v0x5609029afab0_0, 0, 3;
    %pushi/vec4 0, 0, 1;
    %store/vec4 v0x5609029afd10_0, 0, 1;
    %pushi/vec4 0, 0, 1;
    %store/vec4 v0x5609029afdd0_0, 0, 1;
    %jmp T_2.10;
T_2.5 ;
    %pushi/vec4 1, 0, 1;
    %store/vec4 v0x5609029b0180_0, 0, 1;
    %pushi/vec4 4, 0, 3;
    %store/vec4 v0x5609029afab0_0, 0, 3;
    %pushi/vec4 0, 0, 1;
    %store/vec4 v0x5609029afd10_0, 0, 1;
    %pushi/vec4 0, 0, 1;
    %store/vec4 v0x5609029afdd0_0, 0, 1;
    %jmp T_2.10;
T_2.6 ;
    %pushi/vec4 1, 0, 1;
    %store/vec4 v0x5609029b0180_0, 0, 1;
    %pushi/vec4 5, 0, 3;
    %store/vec4 v0x5609029afab0_0, 0, 3;
    %pushi/vec4 0, 0, 1;
    %store/vec4 v0x5609029afd10_0, 0, 1;
    %pushi/vec4 0, 0, 1;
    %store/vec4 v0x5609029afdd0_0, 0, 1;
    %jmp T_2.10;
T_2.7 ;
    %pushi/vec4 1, 0, 1;
    %store/vec4 v0x5609029b0180_0, 0, 1;
    %pushi/vec4 6, 0, 3;
    %store/vec4 v0x5609029afab0_0, 0, 3;
    %pushi/vec4 0, 0, 1;
    %store/vec4 v0x5609029afd10_0, 0, 1;
    %pushi/vec4 0, 0, 1;
    %store/vec4 v0x5609029afdd0_0, 0, 1;
    %jmp T_2.10;
T_2.8 ;
    %pushi/vec4 1, 0, 1;
    %store/vec4 v0x5609029b0180_0, 0, 1;
    %pushi/vec4 7, 0, 3;
    %store/vec4 v0x5609029afab0_0, 0, 3;
    %pushi/vec4 0, 0, 1;
    %store/vec4 v0x5609029afd10_0, 0, 1;
    %pushi/vec4 0, 0, 1;
    %store/vec4 v0x5609029afdd0_0, 0, 1;
    %jmp T_2.10;
T_2.10 ;
    %pop/vec4 1;
    %jmp T_2;
    .thread T_2, $push;
    .scope S_0x5609029b1420;
T_3 ;
    %wait E_0x5609029851a0;
    %load/vec4 v0x5609029b22c0_0;
    %flag_set/vec4 8;
    %jmp/0xz  T_3.0, 8;
    %pushi/vec4 0, 0, 32;
    %store/vec4 v0x5609029b1e10_0, 0, 32;
T_3.2 ;
    %load/vec4 v0x5609029b1e10_0;
    %cmpi/s 8, 0, 32;
    %jmp/0xz T_3.3, 5;
    %pushi/vec4 0, 0, 8;
    %ix/getv/s 3, v0x5609029b1e10_0;
    %ix/load 4, 0, 0; Constant delay
    %assign/vec4/a/d v0x5609029b2050, 0, 4;
    %load/vec4 v0x5609029b1e10_0;
    %addi 1, 0, 32;
    %store/vec4 v0x5609029b1e10_0, 0, 32;
    %jmp T_3.2;
T_3.3 ;
    %jmp T_3.1;
T_3.0 ;
    %load/vec4 v0x5609029b2450_0;
    %flag_set/vec4 8;
    %jmp/0xz  T_3.4, 8;
    %load/vec4 v0x5609029b2360_0;
    %load/vec4 v0x5609029b2520_0;
    %pad/u 5;
    %ix/vec4 3;
    %ix/load 4, 0, 0; Constant delay
    %assign/vec4/a/d v0x5609029b2050, 0, 4;
T_3.4 ;
T_3.1 ;
    %jmp T_3;
    .thread T_3;
    .scope S_0x56090296bbb0;
T_4 ;
    %wait E_0x560902984400;
    %load/vec4 v0x56090295aae0_0;
    %dup/vec4;
    %pushi/vec4 0, 0, 3;
    %cmp/u;
    %jmp/1 T_4.0, 6;
    %dup/vec4;
    %pushi/vec4 1, 0, 3;
    %cmp/u;
    %jmp/1 T_4.1, 6;
    %dup/vec4;
    %pushi/vec4 2, 0, 3;
    %cmp/u;
    %jmp/1 T_4.2, 6;
    %dup/vec4;
    %pushi/vec4 3, 0, 3;
    %cmp/u;
    %jmp/1 T_4.3, 6;
    %dup/vec4;
    %pushi/vec4 4, 0, 3;
    %cmp/u;
    %jmp/1 T_4.4, 6;
    %dup/vec4;
    %pushi/vec4 5, 0, 3;
    %cmp/u;
    %jmp/1 T_4.5, 6;
    %dup/vec4;
    %pushi/vec4 6, 0, 3;
    %cmp/u;
    %jmp/1 T_4.6, 6;
    %dup/vec4;
    %pushi/vec4 7, 0, 3;
    %cmp/u;
    %jmp/1 T_4.7, 6;
    %pushi/vec4 0, 0, 8;
    %store/vec4 v0x5609029aea40_0, 0, 8;
    %jmp T_4.9;
T_4.0 ;
    %load/vec4 v0x56090295abb0_0;
    %store/vec4 v0x5609029aea40_0, 0, 8;
    %jmp T_4.9;
T_4.1 ;
    %load/vec4 v0x56090295abb0_0;
    %load/vec4 v0x5609029ae980_0;
    %add;
    %store/vec4 v0x5609029aea40_0, 0, 8;
    %jmp T_4.9;
T_4.2 ;
    %load/vec4 v0x5609029ae980_0;
    %load/vec4 v0x56090295abb0_0;
    %sub;
    %store/vec4 v0x5609029aea40_0, 0, 8;
    %jmp T_4.9;
T_4.3 ;
    %load/vec4 v0x56090295abb0_0;
    %load/vec4 v0x5609029ae980_0;
    %and;
    %store/vec4 v0x5609029aea40_0, 0, 8;
    %jmp T_4.9;
T_4.4 ;
    %load/vec4 v0x56090295abb0_0;
    %load/vec4 v0x5609029ae980_0;
    %or;
    %store/vec4 v0x5609029aea40_0, 0, 8;
    %jmp T_4.9;
T_4.5 ;
    %load/vec4 v0x56090295abb0_0;
    %load/vec4 v0x5609029ae980_0;
    %xor;
    %store/vec4 v0x5609029aea40_0, 0, 8;
    %jmp T_4.9;
T_4.6 ;
    %load/vec4 v0x5609029ae980_0;
    %load/vec4 v0x56090295abb0_0;
    %parti/s 3, 0, 2;
    %ix/vec4 4;
    %shiftl 4;
    %store/vec4 v0x5609029aea40_0, 0, 8;
    %jmp T_4.9;
T_4.7 ;
    %load/vec4 v0x5609029ae980_0;
    %load/vec4 v0x56090295abb0_0;
    %parti/s 3, 0, 2;
    %ix/vec4 4;
    %shiftr 4;
    %store/vec4 v0x5609029aea40_0, 0, 8;
    %jmp T_4.9;
T_4.9 ;
    %pop/vec4 1;
    %jmp T_4;
    .thread T_4, $push;
# The file index is used to find the file name in the following table.
:file_names 11;
    "N/A";
    "<interactive>";
    "processor_top.v";
    "cpu.v";
    "alu.v";
    "control_unit.v";
    "mux2_8bit.v";
    "register_file.v";
    "twos_complement.v";
    "instruction_memory.v";
    "program_counter.v";
