#! /usr/bin/vvp
:ivl_version "12.0 (stable)";
:ivl_delay_selection "TYPICAL";
:vpi_time_precision - 12;
:vpi_module "/usr/lib64/ivl/system.vpi";
:vpi_module "/usr/lib64/ivl/vhdl_sys.vpi";
:vpi_module "/usr/lib64/ivl/vhdl_textio.vpi";
:vpi_module "/usr/lib64/ivl/v2005_math.vpi";
:vpi_module "/usr/lib64/ivl/va_math.vpi";
S_0x557c9de372a0 .scope module, "tb_processor_top" "tb_processor_top" 2 3;
 .timescale -9 -12;
v0x557c9de80ad0_0 .net "aluresult", 7 0, v0x557c9de7a410_0;  1 drivers
v0x557c9de80bb0_0 .var "clk", 0 0;
v0x557c9de80d00_0 .net "pc", 7 0, v0x557c9de80460_0;  1 drivers
v0x557c9de80da0_0 .var "reset", 0 0;
E_0x557c9de0d340 .event posedge, v0x557c9de7d7d0_0;
S_0x557c9de37430 .scope module, "DUT" "processor_top" 2 11, 3 3 0, S_0x557c9de372a0;
 .timescale -9 -12;
    .port_info 0 /INPUT 1 "clk";
    .port_info 1 /INPUT 1 "reset";
    .port_info 2 /OUTPUT 8 "aluresult";
    .port_info 3 /OUTPUT 8 "pc";
v0x557c9de80650_0 .net "aluresult", 7 0, v0x557c9de7a410_0;  alias, 1 drivers
v0x557c9de80710_0 .net "clk", 0 0, v0x557c9de80bb0_0;  1 drivers
v0x557c9de807d0_0 .net "instruction", 31 0, v0x557c9de7fed0_0;  1 drivers
v0x557c9de80870_0 .net "pc", 7 0, v0x557c9de80460_0;  alias, 1 drivers
v0x557c9de80960_0 .net "reset", 0 0, v0x557c9de80da0_0;  1 drivers
S_0x557c9de30dd0 .scope module, "CPU_UNIT" "cpu" 3 23, 4 3 0, S_0x557c9de37430;
 .timescale -9 -12;
    .port_info 0 /INPUT 1 "clk";
    .port_info 1 /INPUT 1 "reset";
    .port_info 2 /INPUT 32 "instruction";
    .port_info 3 /OUTPUT 8 "aluresult";
L_0x557c9de81b30 .functor BUFZ 8, L_0x557c9de81140, C4<00000000>, C4<00000000>, C4<00000000>;
v0x557c9de7e790_0 .net "aluop", 2 0, v0x557c9de7b530_0;  1 drivers
v0x557c9de7e8a0_0 .net "aluresult", 7 0, v0x557c9de7a410_0;  alias, 1 drivers
v0x557c9de7e9b0_0 .net "clk", 0 0, v0x557c9de80bb0_0;  alias, 1 drivers
v0x557c9de7ea50_0 .net "immediate", 7 0, v0x557c9de7b610_0;  1 drivers
v0x557c9de7eb40_0 .net "instruction", 31 0, v0x557c9de7fed0_0;  alias, 1 drivers
v0x557c9de7ec30_0 .net "mux_imm_select", 0 0, v0x557c9de7b790_0;  1 drivers
v0x557c9de7ed20_0 .net "mux_reg2_out", 7 0, L_0x557c9de81730;  1 drivers
v0x557c9de7ee10_0 .net "mux_reg2_select", 0 0, v0x557c9de7b850_0;  1 drivers
v0x557c9de7ef00_0 .net "operand1", 7 0, L_0x557c9de81970;  1 drivers
v0x557c9de7efc0_0 .net "operand2", 7 0, L_0x557c9de81b30;  1 drivers
v0x557c9de7f080_0 .net "readreg1", 2 0, v0x557c9de7ba40_0;  1 drivers
v0x557c9de7f170_0 .net "readreg2", 2 0, v0x557c9de7bb20_0;  1 drivers
v0x557c9de7f280_0 .net "regout1", 7 0, L_0x557c9de81140;  1 drivers
v0x557c9de7f340_0 .net "regout2", 7 0, L_0x557c9de813c0;  1 drivers
v0x557c9de7f3e0_0 .net "regout2_twos", 7 0, L_0x557c9de81530;  1 drivers
v0x557c9de7f4f0_0 .net "reset", 0 0, v0x557c9de80da0_0;  alias, 1 drivers
v0x557c9de7f590_0 .net "writeenable", 0 0, v0x557c9de7bc00_0;  1 drivers
v0x557c9de7f680_0 .net "writereg", 2 0, v0x557c9de7bcc0_0;  1 drivers
S_0x557c9de30fd0 .scope module, "ALU" "alu" 4 81, 5 3 0, S_0x557c9de30dd0;
 .timescale -9 -12;
    .port_info 0 /INPUT 8 "operand1";
    .port_info 1 /INPUT 8 "operand2";
    .port_info 2 /INPUT 3 "aluop";
    .port_info 3 /OUTPUT 8 "result";
P_0x557c9de2a4f0 .param/l "ALU_ADD" 1 5 11, C4<001>;
P_0x557c9de2a530 .param/l "ALU_AND" 1 5 13, C4<011>;
P_0x557c9de2a570 .param/l "ALU_FORWARD" 1 5 10, C4<000>;
P_0x557c9de2a5b0 .param/l "ALU_OR" 1 5 14, C4<100>;
P_0x557c9de2a5f0 .param/l "ALU_SLL" 1 5 16, C4<110>;
P_0x557c9de2a630 .param/l "ALU_SRL" 1 5 17, C4<111>;
P_0x557c9de2a670 .param/l "ALU_SUB" 1 5 12, C4<010>;
P_0x557c9de2a6b0 .param/l "ALU_XOR" 1 5 15, C4<101>;
v0x557c9de1b8c0_0 .net "aluop", 2 0, v0x557c9de7b530_0;  alias, 1 drivers
v0x557c9de1b990_0 .net "operand1", 7 0, L_0x557c9de81970;  alias, 1 drivers
v0x557c9de7a350_0 .net "operand2", 7 0, L_0x557c9de81b30;  alias, 1 drivers
v0x557c9de7a410_0 .var "result", 7 0;
E_0x557c9de5d770 .event anyedge, v0x557c9de1b8c0_0, v0x557c9de1b990_0, v0x557c9de7a350_0;
S_0x557c9de7a570 .scope module, "CU" "control_unit" 4 30, 6 36 0, S_0x557c9de30dd0;
 .timescale -9 -12;
    .port_info 0 /INPUT 32 "instruction";
    .port_info 1 /OUTPUT 3 "readreg1";
    .port_info 2 /OUTPUT 3 "readreg2";
    .port_info 3 /OUTPUT 3 "writereg";
    .port_info 4 /OUTPUT 1 "writeenable";
    .port_info 5 /OUTPUT 8 "immediate";
    .port_info 6 /OUTPUT 3 "aluop";
    .port_info 7 /OUTPUT 1 "mux_reg2_select";
    .port_info 8 /OUTPUT 1 "mux_imm_select";
P_0x557c9de7a770 .param/l "ALU_ADD" 1 6 65, C4<001>;
P_0x557c9de7a7b0 .param/l "ALU_AND" 1 6 67, C4<011>;
P_0x557c9de7a7f0 .param/l "ALU_FORWARD" 1 6 64, C4<000>;
P_0x557c9de7a830 .param/l "ALU_OR" 1 6 68, C4<100>;
P_0x557c9de7a870 .param/l "ALU_SLL" 1 6 70, C4<110>;
P_0x557c9de7a8b0 .param/l "ALU_SRL" 1 6 71, C4<111>;
P_0x557c9de7a8f0 .param/l "ALU_SUB" 1 6 66, C4<010>;
P_0x557c9de7a930 .param/l "ALU_XOR" 1 6 69, C4<101>;
P_0x557c9de7a970 .param/l "OP_ADD" 1 6 54, C4<00000010>;
P_0x557c9de7a9b0 .param/l "OP_AND" 1 6 56, C4<00000100>;
P_0x557c9de7a9f0 .param/l "OP_LOADI" 1 6 52, C4<00000000>;
P_0x557c9de7aa30 .param/l "OP_MOV" 1 6 53, C4<00000001>;
P_0x557c9de7aa70 .param/l "OP_NOP" 1 6 61, C4<11111111>;
P_0x557c9de7aab0 .param/l "OP_OR" 1 6 57, C4<00000101>;
P_0x557c9de7aaf0 .param/l "OP_SLL" 1 6 59, C4<00000111>;
P_0x557c9de7ab30 .param/l "OP_SRL" 1 6 60, C4<00001000>;
P_0x557c9de7ab70 .param/l "OP_SUB" 1 6 55, C4<00000011>;
P_0x557c9de7abb0 .param/l "OP_XOR" 1 6 58, C4<00000110>;
v0x557c9de7b530_0 .var "aluop", 2 0;
v0x557c9de7b610_0 .var "immediate", 7 0;
v0x557c9de7b6d0_0 .net "instruction", 31 0, v0x557c9de7fed0_0;  alias, 1 drivers
v0x557c9de7b790_0 .var "mux_imm_select", 0 0;
v0x557c9de7b850_0 .var "mux_reg2_select", 0 0;
v0x557c9de7b960_0 .net "opcode", 7 0, L_0x557c9de80ed0;  1 drivers
v0x557c9de7ba40_0 .var "readreg1", 2 0;
v0x557c9de7bb20_0 .var "readreg2", 2 0;
v0x557c9de7bc00_0 .var "writeenable", 0 0;
v0x557c9de7bcc0_0 .var "writereg", 2 0;
E_0x557c9de5d110 .event anyedge, v0x557c9de7b6d0_0, v0x557c9de7b960_0;
L_0x557c9de80ed0 .part v0x557c9de7fed0_0, 24, 8;
S_0x557c9de7bec0 .scope module, "MUX_IMM" "mux2_8bit" 4 72, 7 3 0, S_0x557c9de30dd0;
 .timescale -9 -12;
    .port_info 0 /INPUT 8 "in0";
    .port_info 1 /INPUT 8 "in1";
    .port_info 2 /INPUT 1 "select";
    .port_info 3 /OUTPUT 8 "out";
L_0x7f4e73aa6138 .functor BUFT 1, C4<0>, C4<0>, C4<0>, C4<0>;
L_0x557c9de818b0 .functor XNOR 1, v0x557c9de7b790_0, L_0x7f4e73aa6138, C4<0>, C4<0>;
v0x557c9de7c0c0_0 .net/2u *"_ivl_0", 0 0, L_0x7f4e73aa6138;  1 drivers
v0x557c9de7c1a0_0 .net *"_ivl_2", 0 0, L_0x557c9de818b0;  1 drivers
v0x557c9de7c260_0 .net "in0", 7 0, L_0x557c9de81730;  alias, 1 drivers
v0x557c9de7c350_0 .net "in1", 7 0, v0x557c9de7b610_0;  alias, 1 drivers
v0x557c9de7c440_0 .net "out", 7 0, L_0x557c9de81970;  alias, 1 drivers
v0x557c9de7c530_0 .net "select", 0 0, v0x557c9de7b790_0;  alias, 1 drivers
L_0x557c9de81970 .functor MUXZ 8, v0x557c9de7b610_0, L_0x557c9de81730, L_0x557c9de818b0, C4<>;
S_0x557c9de7c670 .scope module, "MUX_REG2" "mux2_8bit" 4 65, 7 3 0, S_0x557c9de30dd0;
 .timescale -9 -12;
    .port_info 0 /INPUT 8 "in0";
    .port_info 1 /INPUT 8 "in1";
    .port_info 2 /INPUT 1 "select";
    .port_info 3 /OUTPUT 8 "out";
L_0x7f4e73aa60f0 .functor BUFT 1, C4<0>, C4<0>, C4<0>, C4<0>;
L_0x557c9de815d0 .functor XNOR 1, v0x557c9de7b850_0, L_0x7f4e73aa60f0, C4<0>, C4<0>;
v0x557c9de7c8c0_0 .net/2u *"_ivl_0", 0 0, L_0x7f4e73aa60f0;  1 drivers
v0x557c9de7c9c0_0 .net *"_ivl_2", 0 0, L_0x557c9de815d0;  1 drivers
v0x557c9de7ca80_0 .net "in0", 7 0, L_0x557c9de813c0;  alias, 1 drivers
v0x557c9de7cb70_0 .net "in1", 7 0, L_0x557c9de81530;  alias, 1 drivers
v0x557c9de7cc50_0 .net "out", 7 0, L_0x557c9de81730;  alias, 1 drivers
v0x557c9de7cd60_0 .net "select", 0 0, v0x557c9de7b850_0;  alias, 1 drivers
L_0x557c9de81730 .functor MUXZ 8, L_0x557c9de81530, L_0x557c9de813c0, L_0x557c9de815d0, C4<>;
S_0x557c9de7cea0 .scope module, "RF" "register_file" 4 45, 8 3 0, S_0x557c9de30dd0;
 .timescale -9 -12;
    .port_info 0 /INPUT 1 "clk";
    .port_info 1 /INPUT 1 "reset";
    .port_info 2 /INPUT 3 "readreg1";
    .port_info 3 /INPUT 3 "readreg2";
    .port_info 4 /INPUT 3 "writereg";
    .port_info 5 /INPUT 8 "writedata";
    .port_info 6 /INPUT 1 "writeenable";
    .port_info 7 /OUTPUT 8 "regout1";
    .port_info 8 /OUTPUT 8 "regout2";
L_0x557c9de81140 .functor BUFZ 8, L_0x557c9de81000, C4<00000000>, C4<00000000>, C4<00000000>;
L_0x557c9de813c0 .functor BUFZ 8, L_0x557c9de811b0, C4<00000000>, C4<00000000>, C4<00000000>;
v0x557c9de7d240_0 .net *"_ivl_0", 7 0, L_0x557c9de81000;  1 drivers
v0x557c9de7d340_0 .net *"_ivl_10", 4 0, L_0x557c9de81250;  1 drivers
L_0x7f4e73aa6060 .functor BUFT 1, C4<00>, C4<0>, C4<0>, C4<0>;
v0x557c9de7d420_0 .net *"_ivl_13", 1 0, L_0x7f4e73aa6060;  1 drivers
v0x557c9de7d4e0_0 .net *"_ivl_2", 4 0, L_0x557c9de810a0;  1 drivers
L_0x7f4e73aa6018 .functor BUFT 1, C4<00>, C4<0>, C4<0>, C4<0>;
v0x557c9de7d5c0_0 .net *"_ivl_5", 1 0, L_0x7f4e73aa6018;  1 drivers
v0x557c9de7d6f0_0 .net *"_ivl_8", 7 0, L_0x557c9de811b0;  1 drivers
v0x557c9de7d7d0_0 .net "clk", 0 0, v0x557c9de80bb0_0;  alias, 1 drivers
v0x557c9de7d890_0 .var/i "i", 31 0;
v0x557c9de7d970_0 .net "readreg1", 2 0, v0x557c9de7ba40_0;  alias, 1 drivers
v0x557c9de7dac0_0 .net "readreg2", 2 0, v0x557c9de7bb20_0;  alias, 1 drivers
v0x557c9de7db60 .array "registers", 7 0, 7 0;
v0x557c9de7dc00_0 .net "regout1", 7 0, L_0x557c9de81140;  alias, 1 drivers
v0x557c9de7dce0_0 .net "regout2", 7 0, L_0x557c9de813c0;  alias, 1 drivers
v0x557c9de7ddd0_0 .net "reset", 0 0, v0x557c9de80da0_0;  alias, 1 drivers
v0x557c9de7de70_0 .net "writedata", 7 0, v0x557c9de7a410_0;  alias, 1 drivers
v0x557c9de7df60_0 .net "writeenable", 0 0, v0x557c9de7bc00_0;  alias, 1 drivers
v0x557c9de7e030_0 .net "writereg", 2 0, v0x557c9de7bcc0_0;  alias, 1 drivers
E_0x557c9de5da60 .event posedge, v0x557c9de7ddd0_0, v0x557c9de7d7d0_0;
L_0x557c9de81000 .array/port v0x557c9de7db60, L_0x557c9de810a0;
L_0x557c9de810a0 .concat [ 3 2 0 0], v0x557c9de7ba40_0, L_0x7f4e73aa6018;
L_0x557c9de811b0 .array/port v0x557c9de7db60, L_0x557c9de81250;
L_0x557c9de81250 .concat [ 3 2 0 0], v0x557c9de7bb20_0, L_0x7f4e73aa6060;
S_0x557c9de7e1e0 .scope module, "TC" "twos_complement" 4 60, 9 2 0, S_0x557c9de30dd0;
 .timescale -9 -12;
    .port_info 0 /INPUT 8 "in";
    .port_info 1 /OUTPUT 8 "out";
L_0x557c9de814c0 .functor NOT 8, L_0x557c9de813c0, C4<00000000>, C4<00000000>, C4<00000000>;
v0x557c9de7e390_0 .net *"_ivl_0", 7 0, L_0x557c9de814c0;  1 drivers
L_0x7f4e73aa60a8 .functor BUFT 1, C4<00000001>, C4<0>, C4<0>, C4<0>;
v0x557c9de7e490_0 .net/2u *"_ivl_2", 7 0, L_0x7f4e73aa60a8;  1 drivers
v0x557c9de7e570_0 .net "in", 7 0, L_0x557c9de813c0;  alias, 1 drivers
v0x557c9de7e690_0 .net "out", 7 0, L_0x557c9de81530;  alias, 1 drivers
L_0x557c9de81530 .arith/sum 8, L_0x557c9de814c0, L_0x7f4e73aa60a8;
S_0x557c9de7f7f0 .scope module, "IMEM" "instruction_memory" 3 18, 10 3 0, S_0x557c9de37430;
 .timescale -9 -12;
    .port_info 0 /INPUT 8 "pc";
    .port_info 1 /OUTPUT 32 "instruction";
P_0x557c9de5ac70 .param/l "OP_ADD" 1 10 10, C4<00000010>;
P_0x557c9de5acb0 .param/l "OP_AND" 1 10 12, C4<00000100>;
P_0x557c9de5acf0 .param/l "OP_LOADI" 1 10 8, C4<00000000>;
P_0x557c9de5ad30 .param/l "OP_MOV" 1 10 9, C4<00000001>;
P_0x557c9de5ad70 .param/l "OP_NOP" 1 10 17, C4<11111111>;
P_0x557c9de5adb0 .param/l "OP_OR" 1 10 13, C4<00000101>;
P_0x557c9de5adf0 .param/l "OP_SLL" 1 10 15, C4<00000111>;
P_0x557c9de5ae30 .param/l "OP_SRL" 1 10 16, C4<00001000>;
P_0x557c9de5ae70 .param/l "OP_SUB" 1 10 11, C4<00000011>;
P_0x557c9de5aeb0 .param/l "OP_XOR" 1 10 14, C4<00000110>;
v0x557c9de7fed0_0 .var "instruction", 31 0;
v0x557c9de80000_0 .net "pc", 7 0, v0x557c9de80460_0;  alias, 1 drivers
E_0x557c9de7fe50 .event anyedge, v0x557c9de80000_0;
S_0x557c9de80140 .scope module, "PC_UNIT" "program_counter" 3 12, 11 3 0, S_0x557c9de37430;
 .timescale -9 -12;
    .port_info 0 /INPUT 1 "clk";
    .port_info 1 /INPUT 1 "reset";
    .port_info 2 /OUTPUT 8 "pc";
v0x557c9de80370_0 .net "clk", 0 0, v0x557c9de80bb0_0;  alias, 1 drivers
v0x557c9de80460_0 .var "pc", 7 0;
v0x557c9de80520_0 .net "reset", 0 0, v0x557c9de80da0_0;  alias, 1 drivers
    .scope S_0x557c9de80140;
T_0 ;
    %wait E_0x557c9de5da60;
    %load/vec4 v0x557c9de80520_0;
    %flag_set/vec4 8;
    %jmp/0xz  T_0.0, 8;
    %pushi/vec4 0, 0, 8;
    %assign/vec4 v0x557c9de80460_0, 0;
    %jmp T_0.1;
T_0.0 ;
    %load/vec4 v0x557c9de80460_0;
    %addi 1, 0, 8;
    %assign/vec4 v0x557c9de80460_0, 0;
T_0.1 ;
    %jmp T_0;
    .thread T_0;
    .scope S_0x557c9de7f7f0;
T_1 ;
    %wait E_0x557c9de7fe50;
    %load/vec4 v0x557c9de80000_0;
    %dup/vec4;
    %pushi/vec4 0, 0, 8;
    %cmp/u;
    %jmp/1 T_1.0, 6;
    %dup/vec4;
    %pushi/vec4 1, 0, 8;
    %cmp/u;
    %jmp/1 T_1.1, 6;
    %dup/vec4;
    %pushi/vec4 2, 0, 8;
    %cmp/u;
    %jmp/1 T_1.2, 6;
    %dup/vec4;
    %pushi/vec4 3, 0, 8;
    %cmp/u;
    %jmp/1 T_1.3, 6;
    %dup/vec4;
    %pushi/vec4 4, 0, 8;
    %cmp/u;
    %jmp/1 T_1.4, 6;
    %dup/vec4;
    %pushi/vec4 5, 0, 8;
    %cmp/u;
    %jmp/1 T_1.5, 6;
    %dup/vec4;
    %pushi/vec4 6, 0, 8;
    %cmp/u;
    %jmp/1 T_1.6, 6;
    %pushi/vec4 4278190080, 0, 32;
    %store/vec4 v0x557c9de7fed0_0, 0, 32;
    %jmp T_1.8;
T_1.0 ;
    %pushi/vec4 65546, 0, 32;
    %store/vec4 v0x557c9de7fed0_0, 0, 32;
    %jmp T_1.8;
T_1.1 ;
    %pushi/vec4 131077, 0, 32;
    %store/vec4 v0x557c9de7fed0_0, 0, 32;
    %jmp T_1.8;
T_1.2 ;
    %pushi/vec4 33751298, 0, 32;
    %store/vec4 v0x557c9de7fed0_0, 0, 32;
    %jmp T_1.8;
T_1.3 ;
    %pushi/vec4 50594050, 0, 32;
    %store/vec4 v0x557c9de7fed0_0, 0, 32;
    %jmp T_1.8;
T_1.4 ;
    %pushi/vec4 17104899, 0, 32;
    %store/vec4 v0x557c9de7fed0_0, 0, 32;
    %jmp T_1.8;
T_1.5 ;
    %pushi/vec4 67502338, 0, 32;
    %store/vec4 v0x557c9de7fed0_0, 0, 32;
    %jmp T_1.8;
T_1.6 ;
    %pushi/vec4 84345090, 0, 32;
    %store/vec4 v0x557c9de7fed0_0, 0, 32;
    %jmp T_1.8;
T_1.8 ;
    %pop/vec4 1;
    %jmp T_1;
    .thread T_1, $push;
    .scope S_0x557c9de7a570;
T_2 ;
    %wait E_0x557c9de5d110;
    %load/vec4 v0x557c9de7b6d0_0;
    %parti/s 3, 8, 5;
    %store/vec4 v0x557c9de7ba40_0, 0, 3;
    %load/vec4 v0x557c9de7b6d0_0;
    %parti/s 3, 0, 2;
    %store/vec4 v0x557c9de7bb20_0, 0, 3;
    %load/vec4 v0x557c9de7b6d0_0;
    %parti/s 3, 16, 6;
    %store/vec4 v0x557c9de7bcc0_0, 0, 3;
    %load/vec4 v0x557c9de7b6d0_0;
    %parti/s 8, 0, 2;
    %store/vec4 v0x557c9de7b610_0, 0, 8;
    %pushi/vec4 0, 0, 1;
    %store/vec4 v0x557c9de7bc00_0, 0, 1;
    %pushi/vec4 0, 0, 3;
    %store/vec4 v0x557c9de7b530_0, 0, 3;
    %pushi/vec4 0, 0, 1;
    %store/vec4 v0x557c9de7b850_0, 0, 1;
    %pushi/vec4 0, 0, 1;
    %store/vec4 v0x557c9de7b790_0, 0, 1;
    %load/vec4 v0x557c9de7b960_0;
    %dup/vec4;
    %pushi/vec4 0, 0, 8;
    %cmp/u;
    %jmp/1 T_2.0, 6;
    %dup/vec4;
    %pushi/vec4 1, 0, 8;
    %cmp/u;
    %jmp/1 T_2.1, 6;
    %dup/vec4;
    %pushi/vec4 2, 0, 8;
    %cmp/u;
    %jmp/1 T_2.2, 6;
    %dup/vec4;
    %pushi/vec4 3, 0, 8;
    %cmp/u;
    %jmp/1 T_2.3, 6;
    %dup/vec4;
    %pushi/vec4 4, 0, 8;
    %cmp/u;
    %jmp/1 T_2.4, 6;
    %dup/vec4;
    %pushi/vec4 5, 0, 8;
    %cmp/u;
    %jmp/1 T_2.5, 6;
    %dup/vec4;
    %pushi/vec4 6, 0, 8;
    %cmp/u;
    %jmp/1 T_2.6, 6;
    %dup/vec4;
    %pushi/vec4 7, 0, 8;
    %cmp/u;
    %jmp/1 T_2.7, 6;
    %dup/vec4;
    %pushi/vec4 8, 0, 8;
    %cmp/u;
    %jmp/1 T_2.8, 6;
    %dup/vec4;
    %pushi/vec4 255, 0, 8;
    %cmp/u;
    %jmp/1 T_2.9, 6;
    %pushi/vec4 0, 0, 1;
    %store/vec4 v0x557c9de7bc00_0, 0, 1;
    %pushi/vec4 0, 0, 3;
    %store/vec4 v0x557c9de7b530_0, 0, 3;
    %pushi/vec4 0, 0, 1;
    %store/vec4 v0x557c9de7b790_0, 0, 1;
    %pushi/vec4 0, 0, 1;
    %store/vec4 v0x557c9de7b850_0, 0, 1;
    %jmp T_2.11;
T_2.0 ;
    %pushi/vec4 1, 0, 1;
    %store/vec4 v0x557c9de7bc00_0, 0, 1;
    %pushi/vec4 0, 0, 3;
    %store/vec4 v0x557c9de7b530_0, 0, 3;
    %pushi/vec4 1, 0, 1;
    %store/vec4 v0x557c9de7b790_0, 0, 1;
    %pushi/vec4 0, 0, 1;
    %store/vec4 v0x557c9de7b850_0, 0, 1;
    %jmp T_2.11;
T_2.1 ;
    %pushi/vec4 1, 0, 1;
    %store/vec4 v0x557c9de7bc00_0, 0, 1;
    %pushi/vec4 0, 0, 3;
    %store/vec4 v0x557c9de7b530_0, 0, 3;
    %pushi/vec4 0, 0, 1;
    %store/vec4 v0x557c9de7b790_0, 0, 1;
    %pushi/vec4 0, 0, 1;
    %store/vec4 v0x557c9de7b850_0, 0, 1;
    %jmp T_2.11;
T_2.2 ;
    %pushi/vec4 1, 0, 1;
    %store/vec4 v0x557c9de7bc00_0, 0, 1;
    %pushi/vec4 1, 0, 3;
    %store/vec4 v0x557c9de7b530_0, 0, 3;
    %pushi/vec4 0, 0, 1;
    %store/vec4 v0x557c9de7b790_0, 0, 1;
    %pushi/vec4 0, 0, 1;
    %store/vec4 v0x557c9de7b850_0, 0, 1;
    %jmp T_2.11;
T_2.3 ;
    %pushi/vec4 1, 0, 1;
    %store/vec4 v0x557c9de7bc00_0, 0, 1;
    %pushi/vec4 1, 0, 3;
    %store/vec4 v0x557c9de7b530_0, 0, 3;
    %pushi/vec4 0, 0, 1;
    %store/vec4 v0x557c9de7b790_0, 0, 1;
    %pushi/vec4 1, 0, 1;
    %store/vec4 v0x557c9de7b850_0, 0, 1;
    %jmp T_2.11;
T_2.4 ;
    %pushi/vec4 1, 0, 1;
    %store/vec4 v0x557c9de7bc00_0, 0, 1;
    %pushi/vec4 3, 0, 3;
    %store/vec4 v0x557c9de7b530_0, 0, 3;
    %pushi/vec4 0, 0, 1;
    %store/vec4 v0x557c9de7b790_0, 0, 1;
    %pushi/vec4 0, 0, 1;
    %store/vec4 v0x557c9de7b850_0, 0, 1;
    %jmp T_2.11;
T_2.5 ;
    %pushi/vec4 1, 0, 1;
    %store/vec4 v0x557c9de7bc00_0, 0, 1;
    %pushi/vec4 4, 0, 3;
    %store/vec4 v0x557c9de7b530_0, 0, 3;
    %pushi/vec4 0, 0, 1;
    %store/vec4 v0x557c9de7b790_0, 0, 1;
    %pushi/vec4 0, 0, 1;
    %store/vec4 v0x557c9de7b850_0, 0, 1;
    %jmp T_2.11;
T_2.6 ;
    %pushi/vec4 1, 0, 1;
    %store/vec4 v0x557c9de7bc00_0, 0, 1;
    %pushi/vec4 5, 0, 3;
    %store/vec4 v0x557c9de7b530_0, 0, 3;
    %pushi/vec4 0, 0, 1;
    %store/vec4 v0x557c9de7b790_0, 0, 1;
    %pushi/vec4 0, 0, 1;
    %store/vec4 v0x557c9de7b850_0, 0, 1;
    %jmp T_2.11;
T_2.7 ;
    %pushi/vec4 1, 0, 1;
    %store/vec4 v0x557c9de7bc00_0, 0, 1;
    %pushi/vec4 6, 0, 3;
    %store/vec4 v0x557c9de7b530_0, 0, 3;
    %pushi/vec4 0, 0, 1;
    %store/vec4 v0x557c9de7b790_0, 0, 1;
    %pushi/vec4 0, 0, 1;
    %store/vec4 v0x557c9de7b850_0, 0, 1;
    %jmp T_2.11;
T_2.8 ;
    %pushi/vec4 1, 0, 1;
    %store/vec4 v0x557c9de7bc00_0, 0, 1;
    %pushi/vec4 7, 0, 3;
    %store/vec4 v0x557c9de7b530_0, 0, 3;
    %pushi/vec4 0, 0, 1;
    %store/vec4 v0x557c9de7b790_0, 0, 1;
    %pushi/vec4 0, 0, 1;
    %store/vec4 v0x557c9de7b850_0, 0, 1;
    %jmp T_2.11;
T_2.9 ;
    %pushi/vec4 0, 0, 1;
    %store/vec4 v0x557c9de7bc00_0, 0, 1;
    %pushi/vec4 0, 0, 3;
    %store/vec4 v0x557c9de7b530_0, 0, 3;
    %pushi/vec4 0, 0, 1;
    %store/vec4 v0x557c9de7b790_0, 0, 1;
    %pushi/vec4 0, 0, 1;
    %store/vec4 v0x557c9de7b850_0, 0, 1;
    %jmp T_2.11;
T_2.11 ;
    %pop/vec4 1;
    %jmp T_2;
    .thread T_2, $push;
    .scope S_0x557c9de7cea0;
T_3 ;
    %wait E_0x557c9de5da60;
    %load/vec4 v0x557c9de7ddd0_0;
    %flag_set/vec4 8;
    %jmp/0xz  T_3.0, 8;
    %pushi/vec4 0, 0, 32;
    %store/vec4 v0x557c9de7d890_0, 0, 32;
T_3.2 ;
    %load/vec4 v0x557c9de7d890_0;
    %cmpi/s 8, 0, 32;
    %jmp/0xz T_3.3, 5;
    %pushi/vec4 0, 0, 8;
    %ix/getv/s 3, v0x557c9de7d890_0;
    %ix/load 4, 0, 0; Constant delay
    %assign/vec4/a/d v0x557c9de7db60, 0, 4;
    %load/vec4 v0x557c9de7d890_0;
    %addi 1, 0, 32;
    %store/vec4 v0x557c9de7d890_0, 0, 32;
    %jmp T_3.2;
T_3.3 ;
    %jmp T_3.1;
T_3.0 ;
    %load/vec4 v0x557c9de7df60_0;
    %flag_set/vec4 8;
    %jmp/0xz  T_3.4, 8;
    %load/vec4 v0x557c9de7de70_0;
    %load/vec4 v0x557c9de7e030_0;
    %pad/u 5;
    %ix/vec4 3;
    %ix/load 4, 0, 0; Constant delay
    %assign/vec4/a/d v0x557c9de7db60, 0, 4;
T_3.4 ;
T_3.1 ;
    %jmp T_3;
    .thread T_3;
    .scope S_0x557c9de30fd0;
T_4 ;
    %wait E_0x557c9de5d770;
    %load/vec4 v0x557c9de1b8c0_0;
    %dup/vec4;
    %pushi/vec4 0, 0, 3;
    %cmp/u;
    %jmp/1 T_4.0, 6;
    %dup/vec4;
    %pushi/vec4 1, 0, 3;
    %cmp/u;
    %jmp/1 T_4.1, 6;
    %dup/vec4;
    %pushi/vec4 2, 0, 3;
    %cmp/u;
    %jmp/1 T_4.2, 6;
    %dup/vec4;
    %pushi/vec4 3, 0, 3;
    %cmp/u;
    %jmp/1 T_4.3, 6;
    %dup/vec4;
    %pushi/vec4 4, 0, 3;
    %cmp/u;
    %jmp/1 T_4.4, 6;
    %dup/vec4;
    %pushi/vec4 5, 0, 3;
    %cmp/u;
    %jmp/1 T_4.5, 6;
    %dup/vec4;
    %pushi/vec4 6, 0, 3;
    %cmp/u;
    %jmp/1 T_4.6, 6;
    %dup/vec4;
    %pushi/vec4 7, 0, 3;
    %cmp/u;
    %jmp/1 T_4.7, 6;
    %pushi/vec4 0, 0, 8;
    %store/vec4 v0x557c9de7a410_0, 0, 8;
    %jmp T_4.9;
T_4.0 ;
    %load/vec4 v0x557c9de1b990_0;
    %store/vec4 v0x557c9de7a410_0, 0, 8;
    %jmp T_4.9;
T_4.1 ;
    %load/vec4 v0x557c9de1b990_0;
    %load/vec4 v0x557c9de7a350_0;
    %add;
    %store/vec4 v0x557c9de7a410_0, 0, 8;
    %jmp T_4.9;
T_4.2 ;
    %load/vec4 v0x557c9de7a350_0;
    %load/vec4 v0x557c9de1b990_0;
    %sub;
    %store/vec4 v0x557c9de7a410_0, 0, 8;
    %jmp T_4.9;
T_4.3 ;
    %load/vec4 v0x557c9de1b990_0;
    %load/vec4 v0x557c9de7a350_0;
    %and;
    %store/vec4 v0x557c9de7a410_0, 0, 8;
    %jmp T_4.9;
T_4.4 ;
    %load/vec4 v0x557c9de1b990_0;
    %load/vec4 v0x557c9de7a350_0;
    %or;
    %store/vec4 v0x557c9de7a410_0, 0, 8;
    %jmp T_4.9;
T_4.5 ;
    %load/vec4 v0x557c9de1b990_0;
    %load/vec4 v0x557c9de7a350_0;
    %xor;
    %store/vec4 v0x557c9de7a410_0, 0, 8;
    %jmp T_4.9;
T_4.6 ;
    %load/vec4 v0x557c9de7a350_0;
    %load/vec4 v0x557c9de1b990_0;
    %parti/s 3, 0, 2;
    %ix/vec4 4;
    %shiftl 4;
    %store/vec4 v0x557c9de7a410_0, 0, 8;
    %jmp T_4.9;
T_4.7 ;
    %load/vec4 v0x557c9de7a350_0;
    %load/vec4 v0x557c9de1b990_0;
    %parti/s 3, 0, 2;
    %ix/vec4 4;
    %shiftr 4;
    %store/vec4 v0x557c9de7a410_0, 0, 8;
    %jmp T_4.9;
T_4.9 ;
    %pop/vec4 1;
    %jmp T_4;
    .thread T_4, $push;
    .scope S_0x557c9de372a0;
T_5 ;
    %delay 5000, 0;
    %load/vec4 v0x557c9de80bb0_0;
    %inv;
    %store/vec4 v0x557c9de80bb0_0, 0, 1;
    %jmp T_5;
    .thread T_5;
    .scope S_0x557c9de372a0;
T_6 ;
    %vpi_call 2 24 "$dumpfile", "tb_processor_top.vcd" {0 0 0};
    %vpi_call 2 25 "$dumpvars", 32'sb00000000000000000000000000000000, S_0x557c9de372a0 {0 0 0};
    %pushi/vec4 0, 0, 1;
    %store/vec4 v0x557c9de80bb0_0, 0, 1;
    %pushi/vec4 1, 0, 1;
    %store/vec4 v0x557c9de80da0_0, 0, 1;
    %delay 12000, 0;
    %pushi/vec4 0, 0, 1;
    %store/vec4 v0x557c9de80da0_0, 0, 1;
    %delay 100000, 0;
    %vpi_call 2 36 "$display", "----------------------------------" {0 0 0};
    %vpi_call 2 37 "$display", "Final Register Values:" {0 0 0};
    %vpi_call 2 38 "$display", "R0 = %d", &A<v0x557c9de7db60, 0> {0 0 0};
    %vpi_call 2 39 "$display", "R1 = %d", &A<v0x557c9de7db60, 1> {0 0 0};
    %vpi_call 2 40 "$display", "R2 = %d", &A<v0x557c9de7db60, 2> {0 0 0};
    %vpi_call 2 41 "$display", "R3 = %d", &A<v0x557c9de7db60, 3> {0 0 0};
    %vpi_call 2 42 "$display", "R4 = %d", &A<v0x557c9de7db60, 4> {0 0 0};
    %vpi_call 2 43 "$display", "R5 = %d", &A<v0x557c9de7db60, 5> {0 0 0};
    %vpi_call 2 44 "$display", "R6 = %d", &A<v0x557c9de7db60, 6> {0 0 0};
    %vpi_call 2 45 "$display", "R7 = %d", &A<v0x557c9de7db60, 7> {0 0 0};
    %vpi_call 2 46 "$display", "----------------------------------" {0 0 0};
    %vpi_call 2 48 "$finish" {0 0 0};
    %end;
    .thread T_6;
    .scope S_0x557c9de372a0;
T_7 ;
    %wait E_0x557c9de0d340;
    %vpi_call 2 52 "$display", "Time=%0t PC=%d ALURESULT=%d", $time, v0x557c9de80d00_0, v0x557c9de80ad0_0 {0 0 0};
    %jmp T_7;
    .thread T_7;
# The file index is used to find the file name in the following table.
:file_names 12;
    "N/A";
    "<interactive>";
    "tb_processor_top.v";
    "processor_top.v";
    "cpu.v";
    "alu.v";
    "control_unit.v";
    "mux2_8bit.v";
    "register_file.v";
    "twos_complement.v";
    "instruction_memory.v";
    "program_counter.v";
